<?xml version="1.0"?>
<link_info>
   <banner>MSP430 Linker Unix v4.4.4</banner>
   <copyright>Copyright (c) 2003-2015 Texas Instruments Incorporated</copyright>
   <link_time>0x559eabd7</link_time>
   <link_errors>0x0</link_errors>
   <output_file>Breathalizer.out</output_file>
   <entry_point>
      <name>_c_int00_noinit_noargs_noexit</name>
      <address>0xe7f8</address>
   </entry_point>
   <input_file_list>
      <input_file id="fl-2">
         <path>./</path>
         <kind>object</kind>
         <file>font1.obj</file>
         <name>font1.obj</name>
      </input_file>
      <input_file id="fl-3">
         <path>./</path>
         <kind>object</kind>
         <file>font_basic.obj</file>
         <name>font_basic.obj</name>
      </input_file>
      <input_file id="fl-4">
         <path>./</path>
         <kind>object</kind>
         <file>main.obj</file>
         <name>main.obj</name>
      </input_file>
      <input_file id="fl-33">
         <path>/home/richardg/ccs/ccs61/ccsv6/tools/compiler/ti-cgt-msp430_4.4.4/lib/</path>
         <kind>archive</kind>
         <file>rts430.lib</file>
         <name>boot.obj</name>
      </input_file>
      <input_file id="fl-34">
         <path>/home/richardg/ccs/ccs61/ccsv6/tools/compiler/ti-cgt-msp430_4.4.4/lib/</path>
         <kind>archive</kind>
         <file>rts430.lib</file>
         <name>boot_special.obj</name>
      </input_file>
      <input_file id="fl-35">
         <path>/home/richardg/ccs/ccs61/ccsv6/tools/compiler/ti-cgt-msp430_4.4.4/lib/</path>
         <kind>archive</kind>
         <file>rts430.lib</file>
         <name>copy_decompress_none.obj</name>
      </input_file>
      <input_file id="fl-36">
         <path>/home/richardg/ccs/ccs61/ccsv6/tools/compiler/ti-cgt-msp430_4.4.4/lib/</path>
         <kind>archive</kind>
         <file>rts430.lib</file>
         <name>copy_decompress_rle.obj</name>
      </input_file>
      <input_file id="fl-37">
         <path>/home/richardg/ccs/ccs61/ccsv6/tools/compiler/ti-cgt-msp430_4.4.4/lib/</path>
         <kind>archive</kind>
         <file>rts430.lib</file>
         <name>copy_zero_init.obj</name>
      </input_file>
      <input_file id="fl-38">
         <path>/home/richardg/ccs/ccs61/ccsv6/tools/compiler/ti-cgt-msp430_4.4.4/lib/</path>
         <kind>archive</kind>
         <file>rts430.lib</file>
         <name>epilog.obj</name>
      </input_file>
      <input_file id="fl-39">
         <path>/home/richardg/ccs/ccs61/ccsv6/tools/compiler/ti-cgt-msp430_4.4.4/lib/</path>
         <kind>archive</kind>
         <file>rts430.lib</file>
         <name>exit.obj</name>
      </input_file>
      <input_file id="fl-3a">
         <path>/home/richardg/ccs/ccs61/ccsv6/tools/compiler/ti-cgt-msp430_4.4.4/lib/</path>
         <kind>archive</kind>
         <file>rts430.lib</file>
         <name>exit_gvars.obj</name>
      </input_file>
      <input_file id="fl-3b">
         <path>/home/richardg/ccs/ccs61/ccsv6/tools/compiler/ti-cgt-msp430_4.4.4/lib/</path>
         <kind>archive</kind>
         <file>rts430.lib</file>
         <name>int00.obj</name>
      </input_file>
      <input_file id="fl-3c">
         <path>/home/richardg/ccs/ccs61/ccsv6/tools/compiler/ti-cgt-msp430_4.4.4/lib/</path>
         <kind>archive</kind>
         <file>rts430.lib</file>
         <name>int02.obj</name>
      </input_file>
      <input_file id="fl-3d">
         <path>/home/richardg/ccs/ccs61/ccsv6/tools/compiler/ti-cgt-msp430_4.4.4/lib/</path>
         <kind>archive</kind>
         <file>rts430.lib</file>
         <name>int03.obj</name>
      </input_file>
      <input_file id="fl-3e">
         <path>/home/richardg/ccs/ccs61/ccsv6/tools/compiler/ti-cgt-msp430_4.4.4/lib/</path>
         <kind>archive</kind>
         <file>rts430.lib</file>
         <name>int05.obj</name>
      </input_file>
      <input_file id="fl-3f">
         <path>/home/richardg/ccs/ccs61/ccsv6/tools/compiler/ti-cgt-msp430_4.4.4/lib/</path>
         <kind>archive</kind>
         <file>rts430.lib</file>
         <name>int07.obj</name>
      </input_file>
      <input_file id="fl-40">
         <path>/home/richardg/ccs/ccs61/ccsv6/tools/compiler/ti-cgt-msp430_4.4.4/lib/</path>
         <kind>archive</kind>
         <file>rts430.lib</file>
         <name>int08.obj</name>
      </input_file>
      <input_file id="fl-41">
         <path>/home/richardg/ccs/ccs61/ccsv6/tools/compiler/ti-cgt-msp430_4.4.4/lib/</path>
         <kind>archive</kind>
         <file>rts430.lib</file>
         <name>int09.obj</name>
      </input_file>
      <input_file id="fl-42">
         <path>/home/richardg/ccs/ccs61/ccsv6/tools/compiler/ti-cgt-msp430_4.4.4/lib/</path>
         <kind>archive</kind>
         <file>rts430.lib</file>
         <name>int10.obj</name>
      </input_file>
      <input_file id="fl-43">
         <path>/home/richardg/ccs/ccs61/ccsv6/tools/compiler/ti-cgt-msp430_4.4.4/lib/</path>
         <kind>archive</kind>
         <file>rts430.lib</file>
         <name>int11.obj</name>
      </input_file>
      <input_file id="fl-44">
         <path>/home/richardg/ccs/ccs61/ccsv6/tools/compiler/ti-cgt-msp430_4.4.4/lib/</path>
         <kind>archive</kind>
         <file>rts430.lib</file>
         <name>int12.obj</name>
      </input_file>
      <input_file id="fl-45">
         <path>/home/richardg/ccs/ccs61/ccsv6/tools/compiler/ti-cgt-msp430_4.4.4/lib/</path>
         <kind>archive</kind>
         <file>rts430.lib</file>
         <name>int13.obj</name>
      </input_file>
      <input_file id="fl-46">
         <path>/home/richardg/ccs/ccs61/ccsv6/tools/compiler/ti-cgt-msp430_4.4.4/lib/</path>
         <kind>archive</kind>
         <file>rts430.lib</file>
         <name>int14.obj</name>
      </input_file>
      <input_file id="fl-47">
         <path>/home/richardg/ccs/ccs61/ccsv6/tools/compiler/ti-cgt-msp430_4.4.4/lib/</path>
         <kind>archive</kind>
         <file>rts430.lib</file>
         <name>isr_trap.obj</name>
      </input_file>
      <input_file id="fl-48">
         <path>/home/richardg/ccs/ccs61/ccsv6/tools/compiler/ti-cgt-msp430_4.4.4/lib/</path>
         <kind>archive</kind>
         <file>rts430.lib</file>
         <name>lsl16.obj</name>
      </input_file>
      <input_file id="fl-49">
         <path>/home/richardg/ccs/ccs61/ccsv6/tools/compiler/ti-cgt-msp430_4.4.4/lib/</path>
         <kind>archive</kind>
         <file>rts430.lib</file>
         <name>memcpy.obj</name>
      </input_file>
      <input_file id="fl-4a">
         <path>/home/richardg/ccs/ccs61/ccsv6/tools/compiler/ti-cgt-msp430_4.4.4/lib/</path>
         <kind>archive</kind>
         <file>rts430.lib</file>
         <name>mpu_init.obj</name>
      </input_file>
      <input_file id="fl-4b">
         <path>/home/richardg/ccs/ccs61/ccsv6/tools/compiler/ti-cgt-msp430_4.4.4/lib/</path>
         <kind>archive</kind>
         <file>rts430.lib</file>
         <name>mult16.obj</name>
      </input_file>
      <input_file id="fl-4c">
         <path>/home/richardg/ccs/ccs61/ccsv6/tools/compiler/ti-cgt-msp430_4.4.4/lib/</path>
         <kind>archive</kind>
         <file>rts430.lib</file>
         <name>pre_init.obj</name>
      </input_file>
      <input_file id="fl-4d">
         <path>/home/richardg/ccs/ccs61/ccsv6/tools/compiler/ti-cgt-msp430_4.4.4/lib/</path>
         <kind>archive</kind>
         <file>rts430.lib</file>
         <name>_lock.obj</name>
      </input_file>
      <input_file id="fl-4e">
         <path>/home/richardg/ccs/ccs61/ccsv6/tools/compiler/ti-cgt-msp430_4.4.4/lib/</path>
         <kind>archive</kind>
         <file>rts430.lib</file>
         <name>args_main.obj</name>
      </input_file>
      <input_file id="fl-4f">
         <path>/home/richardg/ccs/ccs61/ccsv6/tools/compiler/ti-cgt-msp430_4.4.4/lib/</path>
         <kind>archive</kind>
         <file>rts430.lib</file>
         <name>autoinit.obj</name>
      </input_file>
   </input_file_list>
   <object_component_list>
      <object_component id="oc-4f">
         <name>.bss</name>
         <uninitialized>true</uninitialized>
         <run_address>0x200</run_address>
         <size>0x117</size>
         <input_file_ref idref="fl-4"/>
      </object_component>
      <object_component id="oc-56">
         <name>.stack</name>
         <uninitialized>true</uninitialized>
         <run_address>0x3b0</run_address>
         <size>0x2</size>
         <input_file_ref idref="fl-33"/>
      </object_component>
      <object_component id="oc-f4">
         <name>.stack</name>
         <uninitialized>true</uninitialized>
         <run_address>0x3b0</run_address>
         <size>0x0</size>
      </object_component>
      <object_component id="oc-b2">
         <name>.text:process_data_packet</name>
         <load_address>0xdfc0</load_address>
         <run_address>0xdfc0</run_address>
         <size>0x1f8</size>
         <input_file_ref idref="fl-4"/>
      </object_component>
      <object_component id="oc-be">
         <name>.text:display_red_green_blue</name>
         <load_address>0xe1b8</load_address>
         <run_address>0xe1b8</run_address>
         <size>0x13a</size>
         <input_file_ref idref="fl-4"/>
      </object_component>
      <object_component id="oc-c1">
         <name>.text:init_font_LED_data</name>
         <load_address>0xe2f2</load_address>
         <run_address>0xe2f2</run_address>
         <size>0x10a</size>
         <input_file_ref idref="fl-4"/>
      </object_component>
      <object_component id="oc-bf">
         <name>.text:display_LED_data</name>
         <load_address>0xe3fc</load_address>
         <run_address>0xe3fc</run_address>
         <size>0xe2</size>
         <input_file_ref idref="fl-4"/>
      </object_component>
      <object_component id="oc-bc">
         <name>.text:init_ports</name>
         <load_address>0xe4de</load_address>
         <run_address>0xe4de</run_address>
         <size>0x92</size>
         <input_file_ref idref="fl-4"/>
      </object_component>
      <object_component id="oc-c2">
         <name>.text:process_column</name>
         <load_address>0xe570</load_address>
         <run_address>0xe570</run_address>
         <size>0x88</size>
         <input_file_ref idref="fl-4"/>
      </object_component>
      <object_component id="oc-c0">
         <name>.text:init_LED_data</name>
         <load_address>0xe5f8</load_address>
         <run_address>0xe5f8</run_address>
         <size>0x84</size>
         <input_file_ref idref="fl-4"/>
      </object_component>
      <object_component id="oc-af">
         <name>.text:main</name>
         <load_address>0xe67c</load_address>
         <run_address>0xe67c</run_address>
         <size>0x60</size>
         <input_file_ref idref="fl-4"/>
      </object_component>
      <object_component id="oc-a9">
         <name>.text:USCIAB0TX_ISR</name>
         <load_address>0xe6dc</load_address>
         <run_address>0xe6dc</run_address>
         <size>0x5c</size>
         <input_file_ref idref="fl-4"/>
      </object_component>
      <object_component id="oc-bd">
         <name>.text:init_i2c</name>
         <load_address>0xe738</load_address>
         <run_address>0xe738</run_address>
         <size>0x44</size>
         <input_file_ref idref="fl-4"/>
      </object_component>
      <object_component id="oc-80">
         <name>.text</name>
         <load_address>0xe77c</load_address>
         <run_address>0xe77c</run_address>
         <size>0x2c</size>
         <input_file_ref idref="fl-48"/>
      </object_component>
      <object_component id="oc-c4">
         <name>.text:us_delay</name>
         <load_address>0xe7a8</load_address>
         <run_address>0xe7a8</run_address>
         <size>0x20</size>
         <input_file_ref idref="fl-4"/>
      </object_component>
      <object_component id="oc-bb">
         <name>.text:init_system_clock</name>
         <load_address>0xe7c8</load_address>
         <run_address>0xe7c8</run_address>
         <size>0x1c</size>
         <input_file_ref idref="fl-4"/>
      </object_component>
      <object_component id="oc-c6">
         <name>.text</name>
         <load_address>0xe7e4</load_address>
         <run_address>0xe7e4</run_address>
         <size>0x14</size>
         <input_file_ref idref="fl-4b"/>
      </object_component>
      <object_component id="oc-49">
         <name>.text:_c_int00_noinit_noargs_noexit</name>
         <load_address>0xe7f8</load_address>
         <run_address>0xe7f8</run_address>
         <size>0x12</size>
         <input_file_ref idref="fl-34"/>
      </object_component>
      <object_component id="oc-b1">
         <name>.text</name>
         <load_address>0xe80a</load_address>
         <run_address>0xe80a</run_address>
         <size>0x10</size>
         <input_file_ref idref="fl-38"/>
      </object_component>
      <object_component id="oc-7b">
         <name>.text:_isr:__TI_ISR_TRAP</name>
         <load_address>0xe81a</load_address>
         <run_address>0xe81a</run_address>
         <size>0x6</size>
         <input_file_ref idref="fl-47"/>
      </object_component>
      <object_component id="oc-aa">
         <name>.text:_system_pre_init</name>
         <load_address>0xe820</load_address>
         <run_address>0xe820</run_address>
         <size>0x4</size>
         <input_file_ref idref="fl-4c"/>
      </object_component>
      <object_component id="oc-b0">
         <name>.text:abort</name>
         <load_address>0xe824</load_address>
         <run_address>0xe824</run_address>
         <size>0x4</size>
         <input_file_ref idref="fl-39"/>
      </object_component>
      <object_component id="oc-c5">
         <name>.const:font1</name>
         <load_address>0xc000</load_address>
         <run_address>0xc000</run_address>
         <size>0x17c0</size>
         <input_file_ref idref="fl-2"/>
      </object_component>
      <object_component id="oc-c7">
         <name>.const:font_basic</name>
         <load_address>0xd7c0</load_address>
         <run_address>0xd7c0</run_address>
         <size>0x800</size>
         <input_file_ref idref="fl-3"/>
      </object_component>
      <object_component id="oc-33">
         <name>.int00</name>
         <load_address>0xffe0</load_address>
         <run_address>0xffe0</run_address>
         <size>0x2</size>
         <input_file_ref idref="fl-3b"/>
      </object_component>
      <object_component id="oc-34">
         <name>.int02</name>
         <load_address>0xffe4</load_address>
         <run_address>0xffe4</run_address>
         <size>0x2</size>
         <input_file_ref idref="fl-3c"/>
      </object_component>
      <object_component id="oc-35">
         <name>.int03</name>
         <load_address>0xffe6</load_address>
         <run_address>0xffe6</run_address>
         <size>0x2</size>
         <input_file_ref idref="fl-3d"/>
      </object_component>
      <object_component id="oc-36">
         <name>.int05</name>
         <load_address>0xffea</load_address>
         <run_address>0xffea</run_address>
         <size>0x2</size>
         <input_file_ref idref="fl-3e"/>
      </object_component>
      <object_component id="oc-37">
         <name>.int06</name>
         <load_address>0xffec</load_address>
         <run_address>0xffec</run_address>
         <size>0x2</size>
         <input_file_ref idref="fl-4"/>
      </object_component>
      <object_component id="oc-38">
         <name>.int07</name>
         <load_address>0xffee</load_address>
         <run_address>0xffee</run_address>
         <size>0x2</size>
         <input_file_ref idref="fl-3f"/>
      </object_component>
      <object_component id="oc-39">
         <name>.int08</name>
         <load_address>0xfff0</load_address>
         <run_address>0xfff0</run_address>
         <size>0x2</size>
         <input_file_ref idref="fl-40"/>
      </object_component>
      <object_component id="oc-3a">
         <name>.int09</name>
         <load_address>0xfff2</load_address>
         <run_address>0xfff2</run_address>
         <size>0x2</size>
         <input_file_ref idref="fl-41"/>
      </object_component>
      <object_component id="oc-3b">
         <name>.int10</name>
         <load_address>0xfff4</load_address>
         <run_address>0xfff4</run_address>
         <size>0x2</size>
         <input_file_ref idref="fl-42"/>
      </object_component>
      <object_component id="oc-3c">
         <name>.int11</name>
         <load_address>0xfff6</load_address>
         <run_address>0xfff6</run_address>
         <size>0x2</size>
         <input_file_ref idref="fl-43"/>
      </object_component>
      <object_component id="oc-3d">
         <name>.int12</name>
         <load_address>0xfff8</load_address>
         <run_address>0xfff8</run_address>
         <size>0x2</size>
         <input_file_ref idref="fl-44"/>
      </object_component>
      <object_component id="oc-3e">
         <name>.int13</name>
         <load_address>0xfffa</load_address>
         <run_address>0xfffa</run_address>
         <size>0x2</size>
         <input_file_ref idref="fl-45"/>
      </object_component>
      <object_component id="oc-3f">
         <name>.int14</name>
         <load_address>0xfffc</load_address>
         <run_address>0xfffc</run_address>
         <size>0x2</size>
         <input_file_ref idref="fl-46"/>
      </object_component>
      <object_component id="oc-57">
         <name>.reset</name>
         <load_address>0xfffe</load_address>
         <run_address>0xfffe</run_address>
         <size>0x2</size>
         <input_file_ref idref="fl-33"/>
      </object_component>
      <object_component id="oc-4b">
         <name>.debug_info</name>
         <load_address>0x0</load_address>
         <run_address>0x0</run_address>
         <size>0x1c8</size>
         <input_file_ref idref="fl-2"/>
      </object_component>
      <object_component id="oc-4d">
         <name>.debug_info</name>
         <load_address>0x1c8</load_address>
         <run_address>0x1c8</run_address>
         <size>0x1d7</size>
         <input_file_ref idref="fl-3"/>
      </object_component>
      <object_component id="oc-50">
         <name>.debug_info</name>
         <load_address>0x39f</load_address>
         <run_address>0x39f</run_address>
         <size>0x100f</size>
         <input_file_ref idref="fl-4"/>
      </object_component>
      <object_component id="oc-55">
         <name>.debug_info</name>
         <load_address>0x13ae</load_address>
         <run_address>0x13ae</run_address>
         <size>0x286</size>
         <input_file_ref idref="fl-33"/>
      </object_component>
      <object_component id="oc-5c">
         <name>.debug_info</name>
         <load_address>0x1634</load_address>
         <run_address>0x1634</run_address>
         <size>0x35f</size>
         <input_file_ref idref="fl-34"/>
      </object_component>
      <object_component id="oc-61">
         <name>.debug_info</name>
         <load_address>0x1993</load_address>
         <run_address>0x1993</run_address>
         <size>0x2a4</size>
         <input_file_ref idref="fl-35"/>
      </object_component>
      <object_component id="oc-66">
         <name>.debug_info</name>
         <load_address>0x1c37</load_address>
         <run_address>0x1c37</run_address>
         <size>0x249</size>
         <input_file_ref idref="fl-36"/>
      </object_component>
      <object_component id="oc-6b">
         <name>.debug_info</name>
         <load_address>0x1e80</load_address>
         <run_address>0x1e80</run_address>
         <size>0x25f</size>
         <input_file_ref idref="fl-37"/>
      </object_component>
      <object_component id="oc-70">
         <name>.debug_info</name>
         <load_address>0x20df</load_address>
         <run_address>0x20df</run_address>
         <size>0xf3</size>
         <input_file_ref idref="fl-38"/>
      </object_component>
      <object_component id="oc-74">
         <name>.debug_info</name>
         <load_address>0x21d2</load_address>
         <run_address>0x21d2</run_address>
         <size>0x2c9</size>
         <input_file_ref idref="fl-39"/>
      </object_component>
      <object_component id="oc-79">
         <name>.debug_info</name>
         <load_address>0x249b</load_address>
         <run_address>0x249b</run_address>
         <size>0x1a0</size>
         <input_file_ref idref="fl-3a"/>
      </object_component>
      <object_component id="oc-7c">
         <name>.debug_info</name>
         <load_address>0x263b</load_address>
         <run_address>0x263b</run_address>
         <size>0xe6</size>
         <input_file_ref idref="fl-47"/>
      </object_component>
      <object_component id="oc-81">
         <name>.debug_info</name>
         <load_address>0x2721</load_address>
         <run_address>0x2721</run_address>
         <size>0xe7</size>
         <input_file_ref idref="fl-48"/>
      </object_component>
      <object_component id="oc-85">
         <name>.debug_info</name>
         <load_address>0x2808</load_address>
         <run_address>0x2808</run_address>
         <size>0x226</size>
         <input_file_ref idref="fl-49"/>
      </object_component>
      <object_component id="oc-8a">
         <name>.debug_info</name>
         <load_address>0x2a2e</load_address>
         <run_address>0x2a2e</run_address>
         <size>0x29e</size>
         <input_file_ref idref="fl-4a"/>
      </object_component>
      <object_component id="oc-8f">
         <name>.debug_info</name>
         <load_address>0x2ccc</load_address>
         <run_address>0x2ccc</run_address>
         <size>0xea</size>
         <input_file_ref idref="fl-4b"/>
      </object_component>
      <object_component id="oc-93">
         <name>.debug_info</name>
         <load_address>0x2db6</load_address>
         <run_address>0x2db6</run_address>
         <size>0x25b</size>
         <input_file_ref idref="fl-4c"/>
      </object_component>
      <object_component id="oc-98">
         <name>.debug_info</name>
         <load_address>0x3011</load_address>
         <run_address>0x3011</run_address>
         <size>0x204</size>
         <input_file_ref idref="fl-4d"/>
      </object_component>
      <object_component id="oc-9d">
         <name>.debug_info</name>
         <load_address>0x3215</load_address>
         <run_address>0x3215</run_address>
         <size>0x2b6</size>
         <input_file_ref idref="fl-4e"/>
      </object_component>
      <object_component id="oc-a2">
         <name>.debug_info</name>
         <load_address>0x34cb</load_address>
         <run_address>0x34cb</run_address>
         <size>0x2c3</size>
         <input_file_ref idref="fl-4f"/>
      </object_component>
      <object_component id="oc-f5">
         <name>.debug_info</name>
         <load_address>0x378e</load_address>
         <run_address>0x378e</run_address>
         <size>0xbd</size>
      </object_component>
      <object_component id="oc-4c">
         <name>.debug_abbrev</name>
         <load_address>0x0</load_address>
         <run_address>0x0</run_address>
         <size>0x5b</size>
         <input_file_ref idref="fl-2"/>
      </object_component>
      <object_component id="oc-4e">
         <name>.debug_abbrev</name>
         <load_address>0x5b</load_address>
         <run_address>0x5b</run_address>
         <size>0x5b</size>
         <input_file_ref idref="fl-3"/>
      </object_component>
      <object_component id="oc-53">
         <name>.debug_abbrev</name>
         <load_address>0xb6</load_address>
         <run_address>0xb6</run_address>
         <size>0x1bd</size>
         <input_file_ref idref="fl-4"/>
      </object_component>
      <object_component id="oc-5a">
         <name>.debug_abbrev</name>
         <load_address>0x273</load_address>
         <run_address>0x273</run_address>
         <size>0xb0</size>
         <input_file_ref idref="fl-33"/>
      </object_component>
      <object_component id="oc-5f">
         <name>.debug_abbrev</name>
         <load_address>0x323</load_address>
         <run_address>0x323</run_address>
         <size>0xb2</size>
         <input_file_ref idref="fl-34"/>
      </object_component>
      <object_component id="oc-64">
         <name>.debug_abbrev</name>
         <load_address>0x3d5</load_address>
         <run_address>0x3d5</run_address>
         <size>0xbb</size>
         <input_file_ref idref="fl-35"/>
      </object_component>
      <object_component id="oc-69">
         <name>.debug_abbrev</name>
         <load_address>0x490</load_address>
         <run_address>0x490</run_address>
         <size>0xd6</size>
         <input_file_ref idref="fl-36"/>
      </object_component>
      <object_component id="oc-6e">
         <name>.debug_abbrev</name>
         <load_address>0x566</load_address>
         <run_address>0x566</run_address>
         <size>0x9d</size>
         <input_file_ref idref="fl-37"/>
      </object_component>
      <object_component id="oc-72">
         <name>.debug_abbrev</name>
         <load_address>0x603</load_address>
         <run_address>0x603</run_address>
         <size>0x36</size>
         <input_file_ref idref="fl-38"/>
      </object_component>
      <object_component id="oc-77">
         <name>.debug_abbrev</name>
         <load_address>0x639</load_address>
         <run_address>0x639</run_address>
         <size>0xfe</size>
         <input_file_ref idref="fl-39"/>
      </object_component>
      <object_component id="oc-7a">
         <name>.debug_abbrev</name>
         <load_address>0x737</load_address>
         <run_address>0x737</run_address>
         <size>0x53</size>
         <input_file_ref idref="fl-3a"/>
      </object_component>
      <object_component id="oc-7e">
         <name>.debug_abbrev</name>
         <load_address>0x78a</load_address>
         <run_address>0x78a</run_address>
         <size>0x24</size>
         <input_file_ref idref="fl-47"/>
      </object_component>
      <object_component id="oc-83">
         <name>.debug_abbrev</name>
         <load_address>0x7ae</load_address>
         <run_address>0x7ae</run_address>
         <size>0x38</size>
         <input_file_ref idref="fl-48"/>
      </object_component>
      <object_component id="oc-88">
         <name>.debug_abbrev</name>
         <load_address>0x7e6</load_address>
         <run_address>0x7e6</run_address>
         <size>0x9f</size>
         <input_file_ref idref="fl-49"/>
      </object_component>
      <object_component id="oc-8d">
         <name>.debug_abbrev</name>
         <load_address>0x885</load_address>
         <run_address>0x885</run_address>
         <size>0xa6</size>
         <input_file_ref idref="fl-4a"/>
      </object_component>
      <object_component id="oc-91">
         <name>.debug_abbrev</name>
         <load_address>0x92b</load_address>
         <run_address>0x92b</run_address>
         <size>0x38</size>
         <input_file_ref idref="fl-4b"/>
      </object_component>
      <object_component id="oc-96">
         <name>.debug_abbrev</name>
         <load_address>0x963</load_address>
         <run_address>0x963</run_address>
         <size>0x68</size>
         <input_file_ref idref="fl-4c"/>
      </object_component>
      <object_component id="oc-9b">
         <name>.debug_abbrev</name>
         <load_address>0x9cb</load_address>
         <run_address>0x9cb</run_address>
         <size>0xa9</size>
         <input_file_ref idref="fl-4d"/>
      </object_component>
      <object_component id="oc-a0">
         <name>.debug_abbrev</name>
         <load_address>0xa74</load_address>
         <run_address>0xa74</run_address>
         <size>0xec</size>
         <input_file_ref idref="fl-4e"/>
      </object_component>
      <object_component id="oc-a5">
         <name>.debug_abbrev</name>
         <load_address>0xb60</load_address>
         <run_address>0xb60</run_address>
         <size>0xec</size>
         <input_file_ref idref="fl-4f"/>
      </object_component>
      <object_component id="oc-f6">
         <name>.debug_abbrev</name>
         <load_address>0xc4c</load_address>
         <run_address>0xc4c</run_address>
         <size>0xf</size>
      </object_component>
      <object_component id="oc-51">
         <name>.debug_frame</name>
         <load_address>0x0</load_address>
         <run_address>0x0</run_address>
         <size>0x1a4</size>
         <input_file_ref idref="fl-4"/>
      </object_component>
      <object_component id="oc-58">
         <name>.debug_frame</name>
         <load_address>0x1a4</load_address>
         <run_address>0x1a4</run_address>
         <size>0x32</size>
         <input_file_ref idref="fl-33"/>
      </object_component>
      <object_component id="oc-5d">
         <name>.debug_frame</name>
         <load_address>0x1d6</load_address>
         <run_address>0x1d6</run_address>
         <size>0x42</size>
         <input_file_ref idref="fl-34"/>
      </object_component>
      <object_component id="oc-62">
         <name>.debug_frame</name>
         <load_address>0x218</load_address>
         <run_address>0x218</run_address>
         <size>0x32</size>
         <input_file_ref idref="fl-35"/>
      </object_component>
      <object_component id="oc-67">
         <name>.debug_frame</name>
         <load_address>0x24a</load_address>
         <run_address>0x24a</run_address>
         <size>0x32</size>
         <input_file_ref idref="fl-36"/>
      </object_component>
      <object_component id="oc-6c">
         <name>.debug_frame</name>
         <load_address>0x27c</load_address>
         <run_address>0x27c</run_address>
         <size>0x32</size>
         <input_file_ref idref="fl-37"/>
      </object_component>
      <object_component id="oc-75">
         <name>.debug_frame</name>
         <load_address>0x2ae</load_address>
         <run_address>0x2ae</run_address>
         <size>0x47</size>
         <input_file_ref idref="fl-39"/>
      </object_component>
      <object_component id="oc-86">
         <name>.debug_frame</name>
         <load_address>0x2f5</load_address>
         <run_address>0x2f5</run_address>
         <size>0x32</size>
         <input_file_ref idref="fl-49"/>
      </object_component>
      <object_component id="oc-8b">
         <name>.debug_frame</name>
         <load_address>0x327</load_address>
         <run_address>0x327</run_address>
         <size>0x32</size>
         <input_file_ref idref="fl-4a"/>
      </object_component>
      <object_component id="oc-94">
         <name>.debug_frame</name>
         <load_address>0x359</load_address>
         <run_address>0x359</run_address>
         <size>0x47</size>
         <input_file_ref idref="fl-4c"/>
      </object_component>
      <object_component id="oc-99">
         <name>.debug_frame</name>
         <load_address>0x3a0</load_address>
         <run_address>0x3a0</run_address>
         <size>0x32</size>
         <input_file_ref idref="fl-4d"/>
      </object_component>
      <object_component id="oc-9e">
         <name>.debug_frame</name>
         <load_address>0x3d2</load_address>
         <run_address>0x3d2</run_address>
         <size>0x32</size>
         <input_file_ref idref="fl-4e"/>
      </object_component>
      <object_component id="oc-a3">
         <name>.debug_frame</name>
         <load_address>0x404</load_address>
         <run_address>0x404</run_address>
         <size>0x32</size>
         <input_file_ref idref="fl-4f"/>
      </object_component>
      <object_component id="oc-52">
         <name>.debug_line</name>
         <load_address>0x0</load_address>
         <run_address>0x0</run_address>
         <size>0x3de</size>
         <input_file_ref idref="fl-4"/>
      </object_component>
      <object_component id="oc-59">
         <name>.debug_line</name>
         <load_address>0x3de</load_address>
         <run_address>0x3de</run_address>
         <size>0x27</size>
         <input_file_ref idref="fl-33"/>
      </object_component>
      <object_component id="oc-5e">
         <name>.debug_line</name>
         <load_address>0x405</load_address>
         <run_address>0x405</run_address>
         <size>0x47</size>
         <input_file_ref idref="fl-34"/>
      </object_component>
      <object_component id="oc-63">
         <name>.debug_line</name>
         <load_address>0x44c</load_address>
         <run_address>0x44c</run_address>
         <size>0x37</size>
         <input_file_ref idref="fl-35"/>
      </object_component>
      <object_component id="oc-68">
         <name>.debug_line</name>
         <load_address>0x483</load_address>
         <run_address>0x483</run_address>
         <size>0x36</size>
         <input_file_ref idref="fl-36"/>
      </object_component>
      <object_component id="oc-6d">
         <name>.debug_line</name>
         <load_address>0x4b9</load_address>
         <run_address>0x4b9</run_address>
         <size>0x31</size>
         <input_file_ref idref="fl-37"/>
      </object_component>
      <object_component id="oc-71">
         <name>.debug_line</name>
         <load_address>0x4ea</load_address>
         <run_address>0x4ea</run_address>
         <size>0x40</size>
         <input_file_ref idref="fl-38"/>
      </object_component>
      <object_component id="oc-76">
         <name>.debug_line</name>
         <load_address>0x52a</load_address>
         <run_address>0x52a</run_address>
         <size>0x3d</size>
         <input_file_ref idref="fl-39"/>
      </object_component>
      <object_component id="oc-7d">
         <name>.debug_line</name>
         <load_address>0x567</load_address>
         <run_address>0x567</run_address>
         <size>0x3c</size>
         <input_file_ref idref="fl-47"/>
      </object_component>
      <object_component id="oc-82">
         <name>.debug_line</name>
         <load_address>0x5a3</load_address>
         <run_address>0x5a3</run_address>
         <size>0x4e</size>
         <input_file_ref idref="fl-48"/>
      </object_component>
      <object_component id="oc-87">
         <name>.debug_line</name>
         <load_address>0x5f1</load_address>
         <run_address>0x5f1</run_address>
         <size>0x29</size>
         <input_file_ref idref="fl-49"/>
      </object_component>
      <object_component id="oc-8c">
         <name>.debug_line</name>
         <load_address>0x61a</load_address>
         <run_address>0x61a</run_address>
         <size>0x2b</size>
         <input_file_ref idref="fl-4a"/>
      </object_component>
      <object_component id="oc-90">
         <name>.debug_line</name>
         <load_address>0x645</load_address>
         <run_address>0x645</run_address>
         <size>0x42</size>
         <input_file_ref idref="fl-4b"/>
      </object_component>
      <object_component id="oc-95">
         <name>.debug_line</name>
         <load_address>0x687</load_address>
         <run_address>0x687</run_address>
         <size>0x3e</size>
         <input_file_ref idref="fl-4c"/>
      </object_component>
      <object_component id="oc-9a">
         <name>.debug_line</name>
         <load_address>0x6c5</load_address>
         <run_address>0x6c5</run_address>
         <size>0x28</size>
         <input_file_ref idref="fl-4d"/>
      </object_component>
      <object_component id="oc-9f">
         <name>.debug_line</name>
         <load_address>0x6ed</load_address>
         <run_address>0x6ed</run_address>
         <size>0x2c</size>
         <input_file_ref idref="fl-4e"/>
      </object_component>
      <object_component id="oc-a4">
         <name>.debug_line</name>
         <load_address>0x719</load_address>
         <run_address>0x719</run_address>
         <size>0x39</size>
         <input_file_ref idref="fl-4f"/>
      </object_component>
      <object_component id="oc-54">
         <name>.debug_aranges</name>
         <load_address>0x0</load_address>
         <run_address>0x0</run_address>
         <size>0x78</size>
         <input_file_ref idref="fl-4"/>
      </object_component>
      <object_component id="oc-5b">
         <name>.debug_aranges</name>
         <load_address>0x78</load_address>
         <run_address>0x78</run_address>
         <size>0x18</size>
         <input_file_ref idref="fl-33"/>
      </object_component>
      <object_component id="oc-60">
         <name>.debug_aranges</name>
         <load_address>0x90</load_address>
         <run_address>0x90</run_address>
         <size>0x20</size>
         <input_file_ref idref="fl-34"/>
      </object_component>
      <object_component id="oc-65">
         <name>.debug_aranges</name>
         <load_address>0xb0</load_address>
         <run_address>0xb0</run_address>
         <size>0x18</size>
         <input_file_ref idref="fl-35"/>
      </object_component>
      <object_component id="oc-6a">
         <name>.debug_aranges</name>
         <load_address>0xc8</load_address>
         <run_address>0xc8</run_address>
         <size>0x18</size>
         <input_file_ref idref="fl-36"/>
      </object_component>
      <object_component id="oc-6f">
         <name>.debug_aranges</name>
         <load_address>0xe0</load_address>
         <run_address>0xe0</run_address>
         <size>0x18</size>
         <input_file_ref idref="fl-37"/>
      </object_component>
      <object_component id="oc-73">
         <name>.debug_aranges</name>
         <load_address>0xf8</load_address>
         <run_address>0xf8</run_address>
         <size>0x20</size>
         <input_file_ref idref="fl-38"/>
      </object_component>
      <object_component id="oc-78">
         <name>.debug_aranges</name>
         <load_address>0x118</load_address>
         <run_address>0x118</run_address>
         <size>0x20</size>
         <input_file_ref idref="fl-39"/>
      </object_component>
      <object_component id="oc-7f">
         <name>.debug_aranges</name>
         <load_address>0x138</load_address>
         <run_address>0x138</run_address>
         <size>0x20</size>
         <input_file_ref idref="fl-47"/>
      </object_component>
      <object_component id="oc-84">
         <name>.debug_aranges</name>
         <load_address>0x158</load_address>
         <run_address>0x158</run_address>
         <size>0x20</size>
         <input_file_ref idref="fl-48"/>
      </object_component>
      <object_component id="oc-89">
         <name>.debug_aranges</name>
         <load_address>0x178</load_address>
         <run_address>0x178</run_address>
         <size>0x18</size>
         <input_file_ref idref="fl-49"/>
      </object_component>
      <object_component id="oc-8e">
         <name>.debug_aranges</name>
         <load_address>0x190</load_address>
         <run_address>0x190</run_address>
         <size>0x18</size>
         <input_file_ref idref="fl-4a"/>
      </object_component>
      <object_component id="oc-92">
         <name>.debug_aranges</name>
         <load_address>0x1a8</load_address>
         <run_address>0x1a8</run_address>
         <size>0x20</size>
         <input_file_ref idref="fl-4b"/>
      </object_component>
      <object_component id="oc-97">
         <name>.debug_aranges</name>
         <load_address>0x1c8</load_address>
         <run_address>0x1c8</run_address>
         <size>0x20</size>
         <input_file_ref idref="fl-4c"/>
      </object_component>
      <object_component id="oc-9c">
         <name>.debug_aranges</name>
         <load_address>0x1e8</load_address>
         <run_address>0x1e8</run_address>
         <size>0x18</size>
         <input_file_ref idref="fl-4d"/>
      </object_component>
      <object_component id="oc-a1">
         <name>.debug_aranges</name>
         <load_address>0x200</load_address>
         <run_address>0x200</run_address>
         <size>0x18</size>
         <input_file_ref idref="fl-4e"/>
      </object_component>
      <object_component id="oc-a6">
         <name>.debug_aranges</name>
         <load_address>0x218</load_address>
         <run_address>0x218</run_address>
         <size>0x18</size>
         <input_file_ref idref="fl-4f"/>
      </object_component>
   </object_component_list>
   <logical_group_list>
      <logical_group id="lg-2" display="no" color="cyan">
         <name>.bss</name>
         <run_address>0x200</run_address>
         <size>0x117</size>
         <contents>
            <object_component_ref idref="oc-4f"/>
         </contents>
      </logical_group>
      <logical_group id="lg-3" display="no" color="cyan">
         <name>.data</name>
         <run_address>0x200</run_address>
         <size>0x0</size>
         <contents>
         </contents>
      </logical_group>
      <logical_group id="lg-4" display="no" color="cyan">
         <name>.TI.noinit</name>
         <run_address>0x0</run_address>
         <size>0x0</size>
         <contents>
         </contents>
      </logical_group>
      <logical_group id="lg-5" display="no" color="cyan">
         <name>.sysmem</name>
         <run_address>0x0</run_address>
         <size>0x0</size>
         <contents>
         </contents>
      </logical_group>
      <logical_group id="lg-6" display="no" color="cyan">
         <name>.stack</name>
         <run_address>0x3b0</run_address>
         <size>0x50</size>
         <contents>
            <object_component_ref idref="oc-56"/>
            <object_component_ref idref="oc-f4"/>
         </contents>
      </logical_group>
      <logical_group id="lg-7" display="no" color="cyan">
         <name>.text</name>
         <load_address>0xdfc0</load_address>
         <run_address>0xdfc0</run_address>
         <size>0x868</size>
         <contents>
            <object_component_ref idref="oc-b2"/>
            <object_component_ref idref="oc-be"/>
            <object_component_ref idref="oc-c1"/>
            <object_component_ref idref="oc-bf"/>
            <object_component_ref idref="oc-bc"/>
            <object_component_ref idref="oc-c2"/>
            <object_component_ref idref="oc-c0"/>
            <object_component_ref idref="oc-af"/>
            <object_component_ref idref="oc-a9"/>
            <object_component_ref idref="oc-bd"/>
            <object_component_ref idref="oc-80"/>
            <object_component_ref idref="oc-c4"/>
            <object_component_ref idref="oc-bb"/>
            <object_component_ref idref="oc-c6"/>
            <object_component_ref idref="oc-49"/>
            <object_component_ref idref="oc-b1"/>
            <object_component_ref idref="oc-7b"/>
            <object_component_ref idref="oc-aa"/>
            <object_component_ref idref="oc-b0"/>
         </contents>
      </logical_group>
      <logical_group id="lg-8" display="no" color="cyan">
         <name>.cinit</name>
         <run_address>0x0</run_address>
         <size>0x0</size>
         <contents>
         </contents>
      </logical_group>
      <logical_group id="lg-9" display="no" color="cyan">
         <name>.const</name>
         <load_address>0xc000</load_address>
         <run_address>0xc000</run_address>
         <size>0x1fc0</size>
         <contents>
            <object_component_ref idref="oc-c5"/>
            <object_component_ref idref="oc-c7"/>
         </contents>
      </logical_group>
      <logical_group id="lg-a" display="no" color="cyan">
         <name>.cio</name>
         <run_address>0x0</run_address>
         <size>0x0</size>
         <contents>
         </contents>
      </logical_group>
      <logical_group id="lg-b" display="no" color="cyan">
         <name>.pinit</name>
         <run_address>0x0</run_address>
         <size>0x0</size>
         <contents>
         </contents>
      </logical_group>
      <logical_group id="lg-c" display="no" color="cyan">
         <name>.init_array</name>
         <run_address>0x0</run_address>
         <size>0x0</size>
         <contents>
         </contents>
      </logical_group>
      <logical_group id="lg-d" display="no" color="cyan">
         <name>.mspabi.exidx</name>
         <run_address>0x0</run_address>
         <size>0x0</size>
         <contents>
         </contents>
      </logical_group>
      <logical_group id="lg-e" display="no" color="cyan">
         <name>.mspabi.extab</name>
         <run_address>0x0</run_address>
         <size>0x0</size>
         <contents>
         </contents>
      </logical_group>
      <logical_group id="lg-f" display="no" color="cyan">
         <name>.infoA</name>
         <run_address>0x0</run_address>
         <size>0x0</size>
         <contents>
         </contents>
      </logical_group>
      <logical_group id="lg-10" display="no" color="cyan">
         <name>.infoB</name>
         <run_address>0x0</run_address>
         <size>0x0</size>
         <contents>
         </contents>
      </logical_group>
      <logical_group id="lg-11" display="no" color="cyan">
         <name>.infoC</name>
         <run_address>0x0</run_address>
         <size>0x0</size>
         <contents>
         </contents>
      </logical_group>
      <logical_group id="lg-12" display="no" color="cyan">
         <name>.infoD</name>
         <run_address>0x0</run_address>
         <size>0x0</size>
         <contents>
         </contents>
      </logical_group>
      <logical_group id="lg-13" display="no" color="cyan">
         <name>TRAPINT</name>
         <load_address>0xffe0</load_address>
         <run_address>0xffe0</run_address>
         <size>0x2</size>
         <contents>
            <object_component_ref idref="oc-33"/>
         </contents>
      </logical_group>
      <logical_group id="lg-15" display="no" color="cyan">
         <name>.int01</name>
         <run_address>0x0</run_address>
         <size>0x0</size>
         <contents>
         </contents>
      </logical_group>
      <logical_group id="lg-16" display="no" color="cyan">
         <name>PORT1</name>
         <load_address>0xffe4</load_address>
         <run_address>0xffe4</run_address>
         <size>0x2</size>
         <contents>
            <object_component_ref idref="oc-34"/>
         </contents>
      </logical_group>
      <logical_group id="lg-18" display="no" color="cyan">
         <name>PORT2</name>
         <load_address>0xffe6</load_address>
         <run_address>0xffe6</run_address>
         <size>0x2</size>
         <contents>
            <object_component_ref idref="oc-35"/>
         </contents>
      </logical_group>
      <logical_group id="lg-1a" display="no" color="cyan">
         <name>.int04</name>
         <run_address>0x0</run_address>
         <size>0x0</size>
         <contents>
         </contents>
      </logical_group>
      <logical_group id="lg-1b" display="no" color="cyan">
         <name>ADC10</name>
         <load_address>0xffea</load_address>
         <run_address>0xffea</run_address>
         <size>0x2</size>
         <contents>
            <object_component_ref idref="oc-36"/>
         </contents>
      </logical_group>
      <logical_group id="lg-1d" display="no" color="cyan">
         <name>USCIAB0TX</name>
         <load_address>0xffec</load_address>
         <run_address>0xffec</run_address>
         <size>0x2</size>
         <contents>
            <object_component_ref idref="oc-37"/>
         </contents>
      </logical_group>
      <logical_group id="lg-1f" display="no" color="cyan">
         <name>USCIAB0RX</name>
         <load_address>0xffee</load_address>
         <run_address>0xffee</run_address>
         <size>0x2</size>
         <contents>
            <object_component_ref idref="oc-38"/>
         </contents>
      </logical_group>
      <logical_group id="lg-21" display="no" color="cyan">
         <name>TIMER0_A1</name>
         <load_address>0xfff0</load_address>
         <run_address>0xfff0</run_address>
         <size>0x2</size>
         <contents>
            <object_component_ref idref="oc-39"/>
         </contents>
      </logical_group>
      <logical_group id="lg-23" display="no" color="cyan">
         <name>TIMER0_A0</name>
         <load_address>0xfff2</load_address>
         <run_address>0xfff2</run_address>
         <size>0x2</size>
         <contents>
            <object_component_ref idref="oc-3a"/>
         </contents>
      </logical_group>
      <logical_group id="lg-25" display="no" color="cyan">
         <name>WDT</name>
         <load_address>0xfff4</load_address>
         <run_address>0xfff4</run_address>
         <size>0x2</size>
         <contents>
            <object_component_ref idref="oc-3b"/>
         </contents>
      </logical_group>
      <logical_group id="lg-27" display="no" color="cyan">
         <name>COMPARATORA</name>
         <load_address>0xfff6</load_address>
         <run_address>0xfff6</run_address>
         <size>0x2</size>
         <contents>
            <object_component_ref idref="oc-3c"/>
         </contents>
      </logical_group>
      <logical_group id="lg-29" display="no" color="cyan">
         <name>TIMER1_A1</name>
         <load_address>0xfff8</load_address>
         <run_address>0xfff8</run_address>
         <size>0x2</size>
         <contents>
            <object_component_ref idref="oc-3d"/>
         </contents>
      </logical_group>
      <logical_group id="lg-2b" display="no" color="cyan">
         <name>TIMER1_A0</name>
         <load_address>0xfffa</load_address>
         <run_address>0xfffa</run_address>
         <size>0x2</size>
         <contents>
            <object_component_ref idref="oc-3e"/>
         </contents>
      </logical_group>
      <logical_group id="lg-2d" display="no" color="cyan">
         <name>NMI</name>
         <load_address>0xfffc</load_address>
         <run_address>0xfffc</run_address>
         <size>0x2</size>
         <contents>
            <object_component_ref idref="oc-3f"/>
         </contents>
      </logical_group>
      <logical_group id="lg-2f" display="no" color="cyan">
         <name>.reset</name>
         <load_address>0xfffe</load_address>
         <run_address>0xfffe</run_address>
         <size>0x2</size>
         <contents>
            <object_component_ref idref="oc-57"/>
         </contents>
      </logical_group>
      <logical_group id="lg-e9" display="never" color="cyan">
         <name>.debug_info</name>
         <load_address>0x0</load_address>
         <run_address>0x0</run_address>
         <size>0x384b</size>
         <contents>
            <object_component_ref idref="oc-4b"/>
            <object_component_ref idref="oc-4d"/>
            <object_component_ref idref="oc-50"/>
            <object_component_ref idref="oc-55"/>
            <object_component_ref idref="oc-5c"/>
            <object_component_ref idref="oc-61"/>
            <object_component_ref idref="oc-66"/>
            <object_component_ref idref="oc-6b"/>
            <object_component_ref idref="oc-70"/>
            <object_component_ref idref="oc-74"/>
            <object_component_ref idref="oc-79"/>
            <object_component_ref idref="oc-7c"/>
            <object_component_ref idref="oc-81"/>
            <object_component_ref idref="oc-85"/>
            <object_component_ref idref="oc-8a"/>
            <object_component_ref idref="oc-8f"/>
            <object_component_ref idref="oc-93"/>
            <object_component_ref idref="oc-98"/>
            <object_component_ref idref="oc-9d"/>
            <object_component_ref idref="oc-a2"/>
            <object_component_ref idref="oc-f5"/>
         </contents>
      </logical_group>
      <logical_group id="lg-eb" display="never" color="cyan">
         <name>.debug_abbrev</name>
         <load_address>0x0</load_address>
         <run_address>0x0</run_address>
         <size>0xc5b</size>
         <contents>
            <object_component_ref idref="oc-4c"/>
            <object_component_ref idref="oc-4e"/>
            <object_component_ref idref="oc-53"/>
            <object_component_ref idref="oc-5a"/>
            <object_component_ref idref="oc-5f"/>
            <object_component_ref idref="oc-64"/>
            <object_component_ref idref="oc-69"/>
            <object_component_ref idref="oc-6e"/>
            <object_component_ref idref="oc-72"/>
            <object_component_ref idref="oc-77"/>
            <object_component_ref idref="oc-7a"/>
            <object_component_ref idref="oc-7e"/>
            <object_component_ref idref="oc-83"/>
            <object_component_ref idref="oc-88"/>
            <object_component_ref idref="oc-8d"/>
            <object_component_ref idref="oc-91"/>
            <object_component_ref idref="oc-96"/>
            <object_component_ref idref="oc-9b"/>
            <object_component_ref idref="oc-a0"/>
            <object_component_ref idref="oc-a5"/>
            <object_component_ref idref="oc-f6"/>
         </contents>
      </logical_group>
      <logical_group id="lg-ed" display="never" color="cyan">
         <name>.debug_frame</name>
         <load_address>0x0</load_address>
         <run_address>0x0</run_address>
         <size>0x436</size>
         <contents>
            <object_component_ref idref="oc-51"/>
            <object_component_ref idref="oc-58"/>
            <object_component_ref idref="oc-5d"/>
            <object_component_ref idref="oc-62"/>
            <object_component_ref idref="oc-67"/>
            <object_component_ref idref="oc-6c"/>
            <object_component_ref idref="oc-75"/>
            <object_component_ref idref="oc-86"/>
            <object_component_ref idref="oc-8b"/>
            <object_component_ref idref="oc-94"/>
            <object_component_ref idref="oc-99"/>
            <object_component_ref idref="oc-9e"/>
            <object_component_ref idref="oc-a3"/>
         </contents>
      </logical_group>
      <logical_group id="lg-ef" display="never" color="cyan">
         <name>.debug_line</name>
         <load_address>0x0</load_address>
         <run_address>0x0</run_address>
         <size>0x752</size>
         <contents>
            <object_component_ref idref="oc-52"/>
            <object_component_ref idref="oc-59"/>
            <object_component_ref idref="oc-5e"/>
            <object_component_ref idref="oc-63"/>
            <object_component_ref idref="oc-68"/>
            <object_component_ref idref="oc-6d"/>
            <object_component_ref idref="oc-71"/>
            <object_component_ref idref="oc-76"/>
            <object_component_ref idref="oc-7d"/>
            <object_component_ref idref="oc-82"/>
            <object_component_ref idref="oc-87"/>
            <object_component_ref idref="oc-8c"/>
            <object_component_ref idref="oc-90"/>
            <object_component_ref idref="oc-95"/>
            <object_component_ref idref="oc-9a"/>
            <object_component_ref idref="oc-9f"/>
            <object_component_ref idref="oc-a4"/>
         </contents>
      </logical_group>
      <logical_group id="lg-f1" display="never" color="cyan">
         <name>.debug_aranges</name>
         <load_address>0x0</load_address>
         <run_address>0x0</run_address>
         <size>0x230</size>
         <contents>
            <object_component_ref idref="oc-54"/>
            <object_component_ref idref="oc-5b"/>
            <object_component_ref idref="oc-60"/>
            <object_component_ref idref="oc-65"/>
            <object_component_ref idref="oc-6a"/>
            <object_component_ref idref="oc-6f"/>
            <object_component_ref idref="oc-73"/>
            <object_component_ref idref="oc-78"/>
            <object_component_ref idref="oc-7f"/>
            <object_component_ref idref="oc-84"/>
            <object_component_ref idref="oc-89"/>
            <object_component_ref idref="oc-8e"/>
            <object_component_ref idref="oc-92"/>
            <object_component_ref idref="oc-97"/>
            <object_component_ref idref="oc-9c"/>
            <object_component_ref idref="oc-a1"/>
            <object_component_ref idref="oc-a6"/>
         </contents>
      </logical_group>
   </logical_group_list>
   <placement_map>
      <memory_area display="no" color="green">
         <name>SFR</name>
         <page_id>0x0</page_id>
         <origin>0x0</origin>
         <length>0x10</length>
         <used_space>0x0</used_space>
         <unused_space>0x10</unused_space>
         <attributes>RWIX</attributes>
         <usage_details>
         </usage_details>
      </memory_area>
      <memory_area display="yes" color="green">
         <name>PERIPHERALS_8BIT</name>
         <page_id>0x0</page_id>
         <origin>0x10</origin>
         <length>0xf0</length>
         <used_space>0x0</used_space>
         <unused_space>0xf0</unused_space>
         <attributes>RWIX</attributes>
         <usage_details>
         </usage_details>
      </memory_area>
      <memory_area display="yes" color="green">
         <name>PERIPHERALS_16BIT</name>
         <page_id>0x0</page_id>
         <origin>0x100</origin>
         <length>0x100</length>
         <used_space>0x0</used_space>
         <unused_space>0x100</unused_space>
         <attributes>RWIX</attributes>
         <usage_details>
         </usage_details>
      </memory_area>
      <memory_area display="yes" color="green">
         <name>RAM</name>
         <page_id>0x0</page_id>
         <origin>0x200</origin>
         <length>0x200</length>
         <used_space>0x167</used_space>
         <unused_space>0x99</unused_space>
         <attributes>RWIX</attributes>
         <usage_details>
            <allocated_space>
               <start_address>0x200</start_address>
               <size>0x0</size>
               <logical_group_ref idref="lg-3"/>
            </allocated_space>
            <allocated_space>
               <start_address>0x200</start_address>
               <size>0x117</size>
               <logical_group_ref idref="lg-2"/>
            </allocated_space>
            <available_space>
               <start_address>0x317</start_address>
               <size>0x99</size>
            </available_space>
            <allocated_space>
               <start_address>0x3b0</start_address>
               <size>0x50</size>
               <logical_group_ref idref="lg-6"/>
            </allocated_space>
         </usage_details>
      </memory_area>
      <memory_area display="no" color="green">
         <name>INFOD</name>
         <page_id>0x0</page_id>
         <origin>0x1000</origin>
         <length>0x40</length>
         <used_space>0x0</used_space>
         <unused_space>0x40</unused_space>
         <attributes>RWIX</attributes>
         <usage_details>
         </usage_details>
      </memory_area>
      <memory_area display="no" color="green">
         <name>INFOC</name>
         <page_id>0x0</page_id>
         <origin>0x1040</origin>
         <length>0x40</length>
         <used_space>0x0</used_space>
         <unused_space>0x40</unused_space>
         <attributes>RWIX</attributes>
         <usage_details>
         </usage_details>
      </memory_area>
      <memory_area display="no" color="green">
         <name>INFOB</name>
         <page_id>0x0</page_id>
         <origin>0x1080</origin>
         <length>0x40</length>
         <used_space>0x0</used_space>
         <unused_space>0x40</unused_space>
         <attributes>RWIX</attributes>
         <usage_details>
         </usage_details>
      </memory_area>
      <memory_area display="no" color="green">
         <name>INFOA</name>
         <page_id>0x0</page_id>
         <origin>0x10c0</origin>
         <length>0x40</length>
         <used_space>0x0</used_space>
         <unused_space>0x40</unused_space>
         <attributes>RWIX</attributes>
         <usage_details>
         </usage_details>
      </memory_area>
      <memory_area display="yes" color="green">
         <name>FLASH</name>
         <page_id>0x0</page_id>
         <origin>0xc000</origin>
         <length>0x3fe0</length>
         <used_space>0x2828</used_space>
         <unused_space>0x17b8</unused_space>
         <attributes>RWIX</attributes>
         <usage_details>
            <allocated_space>
               <start_address>0xc000</start_address>
               <size>0x1fc0</size>
               <logical_group_ref idref="lg-9"/>
            </allocated_space>
            <allocated_space>
               <start_address>0xdfc0</start_address>
               <size>0x868</size>
               <logical_group_ref idref="lg-7"/>
            </allocated_space>
            <available_space>
               <start_address>0xe828</start_address>
               <size>0x17b8</size>
            </available_space>
         </usage_details>
      </memory_area>
      <memory_area display="no" color="green">
         <name>INT00</name>
         <page_id>0x0</page_id>
         <origin>0xffe0</origin>
         <length>0x2</length>
         <used_space>0x2</used_space>
         <unused_space>0x0</unused_space>
         <attributes>RWIX</attributes>
         <usage_details>
            <allocated_space>
               <start_address>0xffe0</start_address>
               <size>0x2</size>
               <logical_group_ref idref="lg-13"/>
            </allocated_space>
         </usage_details>
      </memory_area>
      <memory_area display="no" color="green">
         <name>INT01</name>
         <page_id>0x0</page_id>
         <origin>0xffe2</origin>
         <length>0x2</length>
         <used_space>0x0</used_space>
         <unused_space>0x2</unused_space>
         <attributes>RWIX</attributes>
         <usage_details>
         </usage_details>
      </memory_area>
      <memory_area display="no" color="green">
         <name>INT02</name>
         <page_id>0x0</page_id>
         <origin>0xffe4</origin>
         <length>0x2</length>
         <used_space>0x2</used_space>
         <unused_space>0x0</unused_space>
         <attributes>RWIX</attributes>
         <usage_details>
            <allocated_space>
               <start_address>0xffe4</start_address>
               <size>0x2</size>
               <logical_group_ref idref="lg-16"/>
            </allocated_space>
         </usage_details>
      </memory_area>
      <memory_area display="no" color="green">
         <name>INT03</name>
         <page_id>0x0</page_id>
         <origin>0xffe6</origin>
         <length>0x2</length>
         <used_space>0x2</used_space>
         <unused_space>0x0</unused_space>
         <attributes>RWIX</attributes>
         <usage_details>
            <allocated_space>
               <start_address>0xffe6</start_address>
               <size>0x2</size>
               <logical_group_ref idref="lg-18"/>
            </allocated_space>
         </usage_details>
      </memory_area>
      <memory_area display="no" color="green">
         <name>INT04</name>
         <page_id>0x0</page_id>
         <origin>0xffe8</origin>
         <length>0x2</length>
         <used_space>0x0</used_space>
         <unused_space>0x2</unused_space>
         <attributes>RWIX</attributes>
         <usage_details>
         </usage_details>
      </memory_area>
      <memory_area display="no" color="green">
         <name>INT05</name>
         <page_id>0x0</page_id>
         <origin>0xffea</origin>
         <length>0x2</length>
         <used_space>0x2</used_space>
         <unused_space>0x0</unused_space>
         <attributes>RWIX</attributes>
         <usage_details>
            <allocated_space>
               <start_address>0xffea</start_address>
               <size>0x2</size>
               <logical_group_ref idref="lg-1b"/>
            </allocated_space>
         </usage_details>
      </memory_area>
      <memory_area display="no" color="green">
         <name>INT06</name>
         <page_id>0x0</page_id>
         <origin>0xffec</origin>
         <length>0x2</length>
         <used_space>0x2</used_space>
         <unused_space>0x0</unused_space>
         <attributes>RWIX</attributes>
         <usage_details>
            <allocated_space>
               <start_address>0xffec</start_address>
               <size>0x2</size>
               <logical_group_ref idref="lg-1d"/>
            </allocated_space>
         </usage_details>
      </memory_area>
      <memory_area display="no" color="green">
         <name>INT07</name>
         <page_id>0x0</page_id>
         <origin>0xffee</origin>
         <length>0x2</length>
         <used_space>0x2</used_space>
         <unused_space>0x0</unused_space>
         <attributes>RWIX</attributes>
         <usage_details>
            <allocated_space>
               <start_address>0xffee</start_address>
               <size>0x2</size>
               <logical_group_ref idref="lg-1f"/>
            </allocated_space>
         </usage_details>
      </memory_area>
      <memory_area display="no" color="green">
         <name>INT08</name>
         <page_id>0x0</page_id>
         <origin>0xfff0</origin>
         <length>0x2</length>
         <used_space>0x2</used_space>
         <unused_space>0x0</unused_space>
         <attributes>RWIX</attributes>
         <usage_details>
            <allocated_space>
               <start_address>0xfff0</start_address>
               <size>0x2</size>
               <logical_group_ref idref="lg-21"/>
            </allocated_space>
         </usage_details>
      </memory_area>
      <memory_area display="no" color="green">
         <name>INT09</name>
         <page_id>0x0</page_id>
         <origin>0xfff2</origin>
         <length>0x2</length>
         <used_space>0x2</used_space>
         <unused_space>0x0</unused_space>
         <attributes>RWIX</attributes>
         <usage_details>
            <allocated_space>
               <start_address>0xfff2</start_address>
               <size>0x2</size>
               <logical_group_ref idref="lg-23"/>
            </allocated_space>
         </usage_details>
      </memory_area>
      <memory_area display="no" color="green">
         <name>INT10</name>
         <page_id>0x0</page_id>
         <origin>0xfff4</origin>
         <length>0x2</length>
         <used_space>0x2</used_space>
         <unused_space>0x0</unused_space>
         <attributes>RWIX</attributes>
         <usage_details>
            <allocated_space>
               <start_address>0xfff4</start_address>
               <size>0x2</size>
               <logical_group_ref idref="lg-25"/>
            </allocated_space>
         </usage_details>
      </memory_area>
      <memory_area display="no" color="green">
         <name>INT11</name>
         <page_id>0x0</page_id>
         <origin>0xfff6</origin>
         <length>0x2</length>
         <used_space>0x2</used_space>
         <unused_space>0x0</unused_space>
         <attributes>RWIX</attributes>
         <usage_details>
            <allocated_space>
               <start_address>0xfff6</start_address>
               <size>0x2</size>
               <logical_group_ref idref="lg-27"/>
            </allocated_space>
         </usage_details>
      </memory_area>
      <memory_area display="no" color="green">
         <name>INT12</name>
         <page_id>0x0</page_id>
         <origin>0xfff8</origin>
         <length>0x2</length>
         <used_space>0x2</used_space>
         <unused_space>0x0</unused_space>
         <attributes>RWIX</attributes>
         <usage_details>
            <allocated_space>
               <start_address>0xfff8</start_address>
               <size>0x2</size>
               <logical_group_ref idref="lg-29"/>
            </allocated_space>
         </usage_details>
      </memory_area>
      <memory_area display="no" color="green">
         <name>INT13</name>
         <page_id>0x0</page_id>
         <origin>0xfffa</origin>
         <length>0x2</length>
         <used_space>0x2</used_space>
         <unused_space>0x0</unused_space>
         <attributes>RWIX</attributes>
         <usage_details>
            <allocated_space>
               <start_address>0xfffa</start_address>
               <size>0x2</size>
               <logical_group_ref idref="lg-2b"/>
            </allocated_space>
         </usage_details>
      </memory_area>
      <memory_area display="no" color="green">
         <name>INT14</name>
         <page_id>0x0</page_id>
         <origin>0xfffc</origin>
         <length>0x2</length>
         <used_space>0x2</used_space>
         <unused_space>0x0</unused_space>
         <attributes>RWIX</attributes>
         <usage_details>
            <allocated_space>
               <start_address>0xfffc</start_address>
               <size>0x2</size>
               <logical_group_ref idref="lg-2d"/>
            </allocated_space>
         </usage_details>
      </memory_area>
      <memory_area display="no" color="green">
         <name>RESET</name>
         <page_id>0x0</page_id>
         <origin>0xfffe</origin>
         <length>0x2</length>
         <used_space>0x2</used_space>
         <unused_space>0x0</unused_space>
         <attributes>RWIX</attributes>
         <usage_details>
            <allocated_space>
               <start_address>0xfffe</start_address>
               <size>0x2</size>
               <logical_group_ref idref="lg-2f"/>
            </allocated_space>
         </usage_details>
      </memory_area>
   </placement_map>
   <symbol_table>
      <symbol id="sm-0">
         <name>IE1</name>
         <value>0x0</value>
      </symbol>
      <symbol id="sm-1">
         <name>IFG1</name>
         <value>0x2</value>
      </symbol>
      <symbol id="sm-2">
         <name>IE2</name>
         <value>0x1</value>
      </symbol>
      <symbol id="sm-3">
         <name>IFG2</name>
         <value>0x3</value>
      </symbol>
      <symbol id="sm-4">
         <name>ADC10DTC0</name>
         <value>0x48</value>
      </symbol>
      <symbol id="sm-5">
         <name>ADC10DTC1</name>
         <value>0x49</value>
      </symbol>
      <symbol id="sm-6">
         <name>ADC10AE0</name>
         <value>0x4a</value>
      </symbol>
      <symbol id="sm-7">
         <name>ADC10CTL0</name>
         <value>0x1b0</value>
      </symbol>
      <symbol id="sm-8">
         <name>ADC10CTL1</name>
         <value>0x1b2</value>
      </symbol>
      <symbol id="sm-9">
         <name>ADC10MEM</name>
         <value>0x1b4</value>
      </symbol>
      <symbol id="sm-a">
         <name>ADC10SA</name>
         <value>0x1bc</value>
      </symbol>
      <symbol id="sm-b">
         <name>DCOCTL</name>
         <value>0x56</value>
      </symbol>
      <symbol id="sm-c">
         <name>BCSCTL1</name>
         <value>0x57</value>
      </symbol>
      <symbol id="sm-d">
         <name>BCSCTL2</name>
         <value>0x58</value>
      </symbol>
      <symbol id="sm-e">
         <name>BCSCTL3</name>
         <value>0x53</value>
      </symbol>
      <symbol id="sm-f">
         <name>CACTL1</name>
         <value>0x59</value>
      </symbol>
      <symbol id="sm-10">
         <name>CACTL2</name>
         <value>0x5a</value>
      </symbol>
      <symbol id="sm-11">
         <name>CAPD</name>
         <value>0x5b</value>
      </symbol>
      <symbol id="sm-12">
         <name>FCTL1</name>
         <value>0x128</value>
      </symbol>
      <symbol id="sm-13">
         <name>FCTL2</name>
         <value>0x12a</value>
      </symbol>
      <symbol id="sm-14">
         <name>FCTL3</name>
         <value>0x12c</value>
      </symbol>
      <symbol id="sm-15">
         <name>P1IN</name>
         <value>0x20</value>
      </symbol>
      <symbol id="sm-16">
         <name>P1OUT</name>
         <value>0x21</value>
      </symbol>
      <symbol id="sm-17">
         <name>P1DIR</name>
         <value>0x22</value>
      </symbol>
      <symbol id="sm-18">
         <name>P1IFG</name>
         <value>0x23</value>
      </symbol>
      <symbol id="sm-19">
         <name>P1IES</name>
         <value>0x24</value>
      </symbol>
      <symbol id="sm-1a">
         <name>P1IE</name>
         <value>0x25</value>
      </symbol>
      <symbol id="sm-1b">
         <name>P1SEL</name>
         <value>0x26</value>
      </symbol>
      <symbol id="sm-1c">
         <name>P1SEL2</name>
         <value>0x41</value>
      </symbol>
      <symbol id="sm-1d">
         <name>P1REN</name>
         <value>0x27</value>
      </symbol>
      <symbol id="sm-1e">
         <name>P2IN</name>
         <value>0x28</value>
      </symbol>
      <symbol id="sm-1f">
         <name>P2OUT</name>
         <value>0x29</value>
      </symbol>
      <symbol id="sm-20">
         <name>P2DIR</name>
         <value>0x2a</value>
      </symbol>
      <symbol id="sm-21">
         <name>P2IFG</name>
         <value>0x2b</value>
      </symbol>
      <symbol id="sm-22">
         <name>P2IES</name>
         <value>0x2c</value>
      </symbol>
      <symbol id="sm-23">
         <name>P2IE</name>
         <value>0x2d</value>
      </symbol>
      <symbol id="sm-24">
         <name>P2SEL</name>
         <value>0x2e</value>
      </symbol>
      <symbol id="sm-25">
         <name>P2SEL2</name>
         <value>0x42</value>
      </symbol>
      <symbol id="sm-26">
         <name>P2REN</name>
         <value>0x2f</value>
      </symbol>
      <symbol id="sm-27">
         <name>P3IN</name>
         <value>0x18</value>
      </symbol>
      <symbol id="sm-28">
         <name>P3OUT</name>
         <value>0x19</value>
      </symbol>
      <symbol id="sm-29">
         <name>P3DIR</name>
         <value>0x1a</value>
      </symbol>
      <symbol id="sm-2a">
         <name>P3SEL</name>
         <value>0x1b</value>
      </symbol>
      <symbol id="sm-2b">
         <name>P3SEL2</name>
         <value>0x43</value>
      </symbol>
      <symbol id="sm-2c">
         <name>P3REN</name>
         <value>0x10</value>
      </symbol>
      <symbol id="sm-2d">
         <name>TA0IV</name>
         <value>0x12e</value>
      </symbol>
      <symbol id="sm-2e">
         <name>TA0CTL</name>
         <value>0x160</value>
      </symbol>
      <symbol id="sm-2f">
         <name>TA0CCTL0</name>
         <value>0x162</value>
      </symbol>
      <symbol id="sm-30">
         <name>TA0CCTL1</name>
         <value>0x164</value>
      </symbol>
      <symbol id="sm-31">
         <name>TA0CCTL2</name>
         <value>0x166</value>
      </symbol>
      <symbol id="sm-32">
         <name>TA0R</name>
         <value>0x170</value>
      </symbol>
      <symbol id="sm-33">
         <name>TA0CCR0</name>
         <value>0x172</value>
      </symbol>
      <symbol id="sm-34">
         <name>TA0CCR1</name>
         <value>0x174</value>
      </symbol>
      <symbol id="sm-35">
         <name>TA0CCR2</name>
         <value>0x176</value>
      </symbol>
      <symbol id="sm-36">
         <name>TA1IV</name>
         <value>0x11e</value>
      </symbol>
      <symbol id="sm-37">
         <name>TA1CTL</name>
         <value>0x180</value>
      </symbol>
      <symbol id="sm-38">
         <name>TA1CCTL0</name>
         <value>0x182</value>
      </symbol>
      <symbol id="sm-39">
         <name>TA1CCTL1</name>
         <value>0x184</value>
      </symbol>
      <symbol id="sm-3a">
         <name>TA1CCTL2</name>
         <value>0x186</value>
      </symbol>
      <symbol id="sm-3b">
         <name>TA1R</name>
         <value>0x190</value>
      </symbol>
      <symbol id="sm-3c">
         <name>TA1CCR0</name>
         <value>0x192</value>
      </symbol>
      <symbol id="sm-3d">
         <name>TA1CCR1</name>
         <value>0x194</value>
      </symbol>
      <symbol id="sm-3e">
         <name>TA1CCR2</name>
         <value>0x196</value>
      </symbol>
      <symbol id="sm-3f">
         <name>UCA0CTL0</name>
         <value>0x60</value>
      </symbol>
      <symbol id="sm-40">
         <name>UCA0CTL1</name>
         <value>0x61</value>
      </symbol>
      <symbol id="sm-41">
         <name>UCA0BR0</name>
         <value>0x62</value>
      </symbol>
      <symbol id="sm-42">
         <name>UCA0BR1</name>
         <value>0x63</value>
      </symbol>
      <symbol id="sm-43">
         <name>UCA0MCTL</name>
         <value>0x64</value>
      </symbol>
      <symbol id="sm-44">
         <name>UCA0STAT</name>
         <value>0x65</value>
      </symbol>
      <symbol id="sm-45">
         <name>UCA0RXBUF</name>
         <value>0x66</value>
      </symbol>
      <symbol id="sm-46">
         <name>UCA0TXBUF</name>
         <value>0x67</value>
      </symbol>
      <symbol id="sm-47">
         <name>UCA0ABCTL</name>
         <value>0x5d</value>
      </symbol>
      <symbol id="sm-48">
         <name>UCA0IRTCTL</name>
         <value>0x5e</value>
      </symbol>
      <symbol id="sm-49">
         <name>UCA0IRRCTL</name>
         <value>0x5f</value>
      </symbol>
      <symbol id="sm-4a">
         <name>UCB0CTL0</name>
         <value>0x68</value>
      </symbol>
      <symbol id="sm-4b">
         <name>UCB0CTL1</name>
         <value>0x69</value>
      </symbol>
      <symbol id="sm-4c">
         <name>UCB0BR0</name>
         <value>0x6a</value>
      </symbol>
      <symbol id="sm-4d">
         <name>UCB0BR1</name>
         <value>0x6b</value>
      </symbol>
      <symbol id="sm-4e">
         <name>UCB0I2CIE</name>
         <value>0x6c</value>
      </symbol>
      <symbol id="sm-4f">
         <name>UCB0STAT</name>
         <value>0x6d</value>
      </symbol>
      <symbol id="sm-50">
         <name>UCB0RXBUF</name>
         <value>0x6e</value>
      </symbol>
      <symbol id="sm-51">
         <name>UCB0TXBUF</name>
         <value>0x6f</value>
      </symbol>
      <symbol id="sm-52">
         <name>UCB0I2COA</name>
         <value>0x118</value>
      </symbol>
      <symbol id="sm-53">
         <name>UCB0I2CSA</name>
         <value>0x11a</value>
      </symbol>
      <symbol id="sm-54">
         <name>WDTCTL</name>
         <value>0x120</value>
      </symbol>
      <symbol id="sm-55">
         <name>CALDCO_16MHZ</name>
         <value>0x10f8</value>
      </symbol>
      <symbol id="sm-56">
         <name>CALBC1_16MHZ</name>
         <value>0x10f9</value>
      </symbol>
      <symbol id="sm-57">
         <name>CALDCO_12MHZ</name>
         <value>0x10fa</value>
      </symbol>
      <symbol id="sm-58">
         <name>CALBC1_12MHZ</name>
         <value>0x10fb</value>
      </symbol>
      <symbol id="sm-59">
         <name>CALDCO_8MHZ</name>
         <value>0x10fc</value>
      </symbol>
      <symbol id="sm-5a">
         <name>CALBC1_8MHZ</name>
         <value>0x10fd</value>
      </symbol>
      <symbol id="sm-5b">
         <name>CALDCO_1MHZ</name>
         <value>0x10fe</value>
      </symbol>
      <symbol id="sm-5c">
         <name>CALBC1_1MHZ</name>
         <value>0x10ff</value>
      </symbol>
      <symbol id="sm-5d">
         <name>TLV_CHECKSUM</name>
         <value>0x10c0</value>
      </symbol>
      <symbol id="sm-5e">
         <name>TLV_DCO_30_TAG</name>
         <value>0x10f6</value>
      </symbol>
      <symbol id="sm-5f">
         <name>TLV_DCO_30_LEN</name>
         <value>0x10f7</value>
      </symbol>
      <symbol id="sm-60">
         <name>TLV_ADC10_1_TAG</name>
         <value>0x10da</value>
      </symbol>
      <symbol id="sm-61">
         <name>TLV_ADC10_1_LEN</name>
         <value>0x10db</value>
      </symbol>
      <symbol id="sm-62">
         <name>cinit</name>
         <value>0xffffffff</value>
      </symbol>
      <symbol id="sm-63">
         <name>__cinit__</name>
         <value>0xffffffff</value>
      </symbol>
      <symbol id="sm-64">
         <name>pinit</name>
         <value>0xffffffff</value>
      </symbol>
      <symbol id="sm-65">
         <name>__pinit__</name>
         <value>0xffffffff</value>
      </symbol>
      <symbol id="sm-66">
         <name>binit</name>
         <value>0xffffffff</value>
      </symbol>
      <symbol id="sm-67">
         <name>__binit__</name>
         <value>0xffffffff</value>
      </symbol>
      <symbol id="sm-68">
         <name>__STACK_SIZE</name>
         <value>0x50</value>
      </symbol>
      <symbol id="sm-69">
         <name>__STACK_END</name>
         <value>0x400</value>
      </symbol>
      <symbol id="sm-6a">
         <name>__c_args__</name>
         <value>0xffffffff</value>
      </symbol>
      <symbol id="sm-6b">
         <name>.text</name>
         <value>0xdfc0</value>
      </symbol>
      <symbol id="sm-6c">
         <name>__text__</name>
         <value>0xdfc0</value>
      </symbol>
      <symbol id="sm-6d">
         <name>etext</name>
         <value>0xe828</value>
      </symbol>
      <symbol id="sm-6e">
         <name>__etext__</name>
         <value>0xe828</value>
      </symbol>
      <symbol id="sm-6f">
         <name>.data</name>
         <value>0x200</value>
      </symbol>
      <symbol id="sm-70">
         <name>__data__</name>
         <value>0x200</value>
      </symbol>
      <symbol id="sm-71">
         <name>edata</name>
         <value>0x200</value>
      </symbol>
      <symbol id="sm-72">
         <name>__edata__</name>
         <value>0x200</value>
      </symbol>
      <symbol id="sm-73">
         <name>.bss</name>
         <value>0x200</value>
      </symbol>
      <symbol id="sm-74">
         <name>__bss__</name>
         <value>0x200</value>
      </symbol>
      <symbol id="sm-75">
         <name>end</name>
         <value>0x317</value>
      </symbol>
      <symbol id="sm-76">
         <name>__end__</name>
         <value>0x317</value>
      </symbol>
      <symbol id="sm-ca">
         <name>font1</name>
         <value>0xc000</value>
         <object_component_ref idref="oc-c5"/>
      </symbol>
      <symbol id="sm-d2">
         <name>font_basic</name>
         <value>0xd7c0</value>
         <object_component_ref idref="oc-c7"/>
      </symbol>
      <symbol id="sm-144">
         <name>intcount</name>
         <value>0x30d</value>
         <object_component_ref idref="oc-4f"/>
      </symbol>
      <symbol id="sm-145">
         <name>LED_data</name>
         <value>0x200</value>
         <object_component_ref idref="oc-4f"/>
      </symbol>
      <symbol id="sm-146">
         <name>__TI_int06</name>
         <value>0xffec</value>
         <object_component_ref idref="oc-37"/>
      </symbol>
      <symbol id="sm-147">
         <name>bluelevel</name>
         <value>0x30b</value>
         <object_component_ref idref="oc-4f"/>
      </symbol>
      <symbol id="sm-148">
         <name>current_green_level</name>
         <value>0x312</value>
         <object_component_ref idref="oc-4f"/>
      </symbol>
      <symbol id="sm-149">
         <name>process_column</name>
         <value>0xe570</value>
         <object_component_ref idref="oc-c2"/>
      </symbol>
      <symbol id="sm-14a">
         <name>init_system_clock</name>
         <value>0xe7c8</value>
         <object_component_ref idref="oc-bb"/>
      </symbol>
      <symbol id="sm-14b">
         <name>init_i2c</name>
         <value>0xe738</value>
         <object_component_ref idref="oc-bd"/>
      </symbol>
      <symbol id="sm-14c">
         <name>receiving_data</name>
         <value>0x313</value>
         <object_component_ref idref="oc-4f"/>
      </symbol>
      <symbol id="sm-14d">
         <name>init_LED_data</name>
         <value>0xe5f8</value>
         <object_component_ref idref="oc-c0"/>
      </symbol>
      <symbol id="sm-14e">
         <name>rxbyte</name>
         <value>0x30e</value>
         <object_component_ref idref="oc-4f"/>
      </symbol>
      <symbol id="sm-14f">
         <name>init_ports</name>
         <value>0xe4de</value>
         <object_component_ref idref="oc-bc"/>
      </symbol>
      <symbol id="sm-150">
         <name>display_red_green_blue</name>
         <value>0xe1b8</value>
         <object_component_ref idref="oc-be"/>
      </symbol>
      <symbol id="sm-151">
         <name>main</name>
         <value>0xe67c</value>
         <object_component_ref idref="oc-af"/>
      </symbol>
      <symbol id="sm-152">
         <name>current_red_level</name>
         <value>0x310</value>
         <object_component_ref idref="oc-4f"/>
      </symbol>
      <symbol id="sm-153">
         <name>us_delay</name>
         <value>0xe7a8</value>
         <object_component_ref idref="oc-c4"/>
      </symbol>
      <symbol id="sm-154">
         <name>init_font_LED_data</name>
         <value>0xe2f2</value>
         <object_component_ref idref="oc-c1"/>
      </symbol>
      <symbol id="sm-155">
         <name>USCIAB0TX_ISR</name>
         <value>0xe6dc</value>
         <object_component_ref idref="oc-a9"/>
      </symbol>
      <symbol id="sm-156">
         <name>data_index</name>
         <value>0x30f</value>
         <object_component_ref idref="oc-4f"/>
      </symbol>
      <symbol id="sm-157">
         <name>redlevel</name>
         <value>0x30a</value>
         <object_component_ref idref="oc-4f"/>
      </symbol>
      <symbol id="sm-158">
         <name>grnlevel</name>
         <value>0x30c</value>
         <object_component_ref idref="oc-4f"/>
      </symbol>
      <symbol id="sm-159">
         <name>blank_display</name>
         <value>0x316</value>
         <object_component_ref idref="oc-4f"/>
      </symbol>
      <symbol id="sm-15a">
         <name>halt_update</name>
         <value>0x315</value>
         <object_component_ref idref="oc-4f"/>
      </symbol>
      <symbol id="sm-15b">
         <name>myaddr</name>
         <value>0x314</value>
         <object_component_ref idref="oc-4f"/>
      </symbol>
      <symbol id="sm-15c">
         <name>current_blue_level</name>
         <value>0x311</value>
         <object_component_ref idref="oc-4f"/>
      </symbol>
      <symbol id="sm-15d">
         <name>display_LED_data</name>
         <value>0xe3fc</value>
         <object_component_ref idref="oc-bf"/>
      </symbol>
      <symbol id="sm-15e">
         <name>process_data_packet</name>
         <value>0xdfc0</value>
         <object_component_ref idref="oc-b2"/>
      </symbol>
      <symbol id="sm-16d">
         <name>_stack</name>
         <value>0x3b0</value>
         <object_component_ref idref="oc-56"/>
      </symbol>
      <symbol id="sm-16e">
         <name>_reset_vector</name>
         <value>0xfffe</value>
         <object_component_ref idref="oc-57"/>
      </symbol>
      <symbol id="sm-17b">
         <name>_c_int00_noinit_noargs_noexit</name>
         <value>0xe7f8</value>
         <object_component_ref idref="oc-49"/>
      </symbol>
      <symbol id="sm-1a3">
         <name>func_epilog_1</name>
         <value>0xe816</value>
         <object_component_ref idref="oc-b1"/>
      </symbol>
      <symbol id="sm-1a4">
         <name>func_epilog_2</name>
         <value>0xe814</value>
         <object_component_ref idref="oc-b1"/>
      </symbol>
      <symbol id="sm-1a5">
         <name>func_epilog_3</name>
         <value>0xe812</value>
         <object_component_ref idref="oc-b1"/>
      </symbol>
      <symbol id="sm-1a6">
         <name>func_epilog_4</name>
         <value>0xe810</value>
         <object_component_ref idref="oc-b1"/>
      </symbol>
      <symbol id="sm-1a7">
         <name>func_epilog_5</name>
         <value>0xe80e</value>
         <object_component_ref idref="oc-b1"/>
      </symbol>
      <symbol id="sm-1a8">
         <name>func_epilog_6</name>
         <value>0xe80c</value>
         <object_component_ref idref="oc-b1"/>
      </symbol>
      <symbol id="sm-1a9">
         <name>func_epilog_7</name>
         <value>0xe80a</value>
         <object_component_ref idref="oc-b1"/>
      </symbol>
      <symbol id="sm-1b7">
         <name>C$$EXIT</name>
         <value>0xe824</value>
         <object_component_ref idref="oc-b0"/>
      </symbol>
      <symbol id="sm-1b8">
         <name>abort</name>
         <value>0xe824</value>
         <object_component_ref idref="oc-b0"/>
      </symbol>
      <symbol id="sm-1c1">
         <name>__TI_int00</name>
         <value>0xffe0</value>
         <object_component_ref idref="oc-33"/>
      </symbol>
      <symbol id="sm-1c5">
         <name>__TI_int02</name>
         <value>0xffe4</value>
         <object_component_ref idref="oc-34"/>
      </symbol>
      <symbol id="sm-1c9">
         <name>__TI_int03</name>
         <value>0xffe6</value>
         <object_component_ref idref="oc-35"/>
      </symbol>
      <symbol id="sm-1cd">
         <name>__TI_int05</name>
         <value>0xffea</value>
         <object_component_ref idref="oc-36"/>
      </symbol>
      <symbol id="sm-1d1">
         <name>__TI_int07</name>
         <value>0xffee</value>
         <object_component_ref idref="oc-38"/>
      </symbol>
      <symbol id="sm-1d5">
         <name>__TI_int08</name>
         <value>0xfff0</value>
         <object_component_ref idref="oc-39"/>
      </symbol>
      <symbol id="sm-1d9">
         <name>__TI_int09</name>
         <value>0xfff2</value>
         <object_component_ref idref="oc-3a"/>
      </symbol>
      <symbol id="sm-1dd">
         <name>__TI_int10</name>
         <value>0xfff4</value>
         <object_component_ref idref="oc-3b"/>
      </symbol>
      <symbol id="sm-1e1">
         <name>__TI_int11</name>
         <value>0xfff6</value>
         <object_component_ref idref="oc-3c"/>
      </symbol>
      <symbol id="sm-1e5">
         <name>__TI_int12</name>
         <value>0xfff8</value>
         <object_component_ref idref="oc-3d"/>
      </symbol>
      <symbol id="sm-1e9">
         <name>__TI_int13</name>
         <value>0xfffa</value>
         <object_component_ref idref="oc-3e"/>
      </symbol>
      <symbol id="sm-1ed">
         <name>__TI_int14</name>
         <value>0xfffc</value>
         <object_component_ref idref="oc-3f"/>
      </symbol>
      <symbol id="sm-1f9">
         <name>__TI_ISR_TRAP</name>
         <value>0xe81a</value>
         <object_component_ref idref="oc-7b"/>
      </symbol>
      <symbol id="sm-205">
         <name>I_LSL</name>
         <value>0xe77c</value>
         <object_component_ref idref="oc-80"/>
      </symbol>
      <symbol id="sm-206">
         <name>I_LSL_3</name>
         <value>0xe7a0</value>
         <object_component_ref idref="oc-80"/>
      </symbol>
      <symbol id="sm-207">
         <name>I_LSL_2</name>
         <value>0xe7a2</value>
         <object_component_ref idref="oc-80"/>
      </symbol>
      <symbol id="sm-208">
         <name>I_LSL_1</name>
         <value>0xe7a4</value>
         <object_component_ref idref="oc-80"/>
      </symbol>
      <symbol id="sm-209">
         <name>I_LSL_7</name>
         <value>0xe798</value>
         <object_component_ref idref="oc-80"/>
      </symbol>
      <symbol id="sm-20a">
         <name>I_LSL_6</name>
         <value>0xe79a</value>
         <object_component_ref idref="oc-80"/>
      </symbol>
      <symbol id="sm-20b">
         <name>I_LSL_5</name>
         <value>0xe79c</value>
         <object_component_ref idref="oc-80"/>
      </symbol>
      <symbol id="sm-20c">
         <name>I_LSL_4</name>
         <value>0xe79e</value>
         <object_component_ref idref="oc-80"/>
      </symbol>
      <symbol id="sm-20d">
         <name>I_LSL_9</name>
         <value>0xe794</value>
         <object_component_ref idref="oc-80"/>
      </symbol>
      <symbol id="sm-20e">
         <name>I_LSL_8</name>
         <value>0xe796</value>
         <object_component_ref idref="oc-80"/>
      </symbol>
      <symbol id="sm-20f">
         <name>I_LSL_12</name>
         <value>0xe78e</value>
         <object_component_ref idref="oc-80"/>
      </symbol>
      <symbol id="sm-210">
         <name>I_LSL_13</name>
         <value>0xe78c</value>
         <object_component_ref idref="oc-80"/>
      </symbol>
      <symbol id="sm-211">
         <name>I_LSL_10</name>
         <value>0xe792</value>
         <object_component_ref idref="oc-80"/>
      </symbol>
      <symbol id="sm-212">
         <name>I_LSL_11</name>
         <value>0xe790</value>
         <object_component_ref idref="oc-80"/>
      </symbol>
      <symbol id="sm-213">
         <name>I_LSL_14</name>
         <value>0xe78a</value>
         <object_component_ref idref="oc-80"/>
      </symbol>
      <symbol id="sm-214">
         <name>I_LSL_15</name>
         <value>0xe788</value>
         <object_component_ref idref="oc-80"/>
      </symbol>
      <symbol id="sm-234">
         <name>__mpyi_sw</name>
         <value>0xe7e4</value>
         <object_component_ref idref="oc-c6"/>
      </symbol>
      <symbol id="sm-235">
         <name>__mpyi</name>
         <value>0xe7e4</value>
         <object_component_ref idref="oc-c6"/>
      </symbol>
      <symbol id="sm-241">
         <name>_system_pre_init</name>
         <value>0xe820</value>
         <object_component_ref idref="oc-aa"/>
      </symbol>
   </symbol_table>
   <title>Link successful</title>
</link_info>
