Microchip MPLAB XC8 Compiler V1.35 ()

Linker command line:

--edf=/opt/microchip/xc8/v1.35/dat/en_msgs.txt -cs \
  -h+dist/default/production/TAP2-8x8.X.production.sym \
  --cmf=dist/default/production/TAP2-8x8.X.production.cmf -z -Q16F1947 \
  -o/tmp/xcXhPkKAI -Mdist/default/production/TAP2-8x8.X.production.map -E1 \
  -ver=XC8 -ASTACK=0205Fh-021afh -pstack=STACK -ACODE=00h-07FFhx8 \
  -ASTRCODE=00h-03FFFh -ASTRING=00h-0FFhx64 -ACONST=00h-0FFhx64 \
  -AENTRY=00h-0FFhx64 -ACOMMON=070h-07Fh -ABANK0=020h-06Fh \
  -ABANK1=0A0h-0EFh -ABANK2=0120h-016Fh -ABANK3=01A0h-01EFh \
  -ABANK4=0220h-026Fh -ABANK5=02A0h-02EFh -ABANK6=0320h-036Fh \
  -ABANK7=03A0h-03EFh -ABANK8=0420h-046Fh -ABANK9=04A0h-04EFh \
  -ABANK10=0520h-056Fh -ABANK11=05A0h-05EFh -ABANK12=0620h-064Fh \
  -ABIGRAM=02000h-023EFh \
  -ARAM=020h-06Fh,0A0h-0EFh,0120h-016Fh,01A0h-01EFh,0220h-026Fh,02A0h-02EFh,0320h-036Fh,03A0h-03EFh,0420h-046Fh,04A0h-04EFh,0520h-056Fh,05A0h-05EFh,0620h-064Fh \
  -AABS1=020h-07Fh,0A0h-0EFh,0120h-016Fh,01A0h-01EFh,0220h-026Fh,02A0h-02EFh,0320h-036Fh,03A0h-03EFh,0420h-046Fh,04A0h-04EFh,0520h-056Fh,05A0h-05EFh,0620h-064Fh \
  -ASFR0=00h-01Fh -ASFR1=080h-09Fh -ASFR2=0100h-011Fh -ASFR3=0180h-019Fh \
  -ASFR4=0200h-021Fh -ASFR5=0280h-029Fh -ASFR6=0300h-031Fh \
  -ASFR7=0380h-039Fh -ASFR8=0400h-041Fh -ASFR9=0480h-049Fh \
  -ASFR10=0500h-051Fh -ASFR11=0580h-059Fh -ASFR12=0600h-061Fh \
  -ASFR13=0680h-06EFh -ASFR14=0700h-076Fh -ASFR15=0780h-07EFh \
  -ASFR16=0800h-086Fh -ASFR17=0880h-08EFh -ASFR18=0900h-096Fh \
  -ASFR19=0980h-09EFh -ASFR20=0A00h-0A6Fh -ASFR21=0A80h-0AEFh \
  -ASFR22=0B00h-0B6Fh -ASFR23=0B80h-0BEFh -ASFR24=0C00h-0C6Fh \
  -ASFR25=0C80h-0CEFh -ASFR26=0D00h-0D6Fh -ASFR27=0D80h-0DEFh \
  -ASFR28=0E00h-0E6Fh -ASFR29=0E80h-0EEFh -ASFR30=0F00h-0F6Fh \
  -ASFR31=0F80h-0FEFh -preset_vec=00h,intentry=04h,init,end_init \
  -ppowerup=CODE -pcinit=CODE -pfunctab=CODE -ACONFIG=08007h-08008h \
  -pconfig=CONFIG -DCONFIG=2 -AIDLOC=08000h-08003h -pidloc=IDLOC -DIDLOC=2 \
  -AEEDATA=00h-0FFh/0F000h -peeprom_data=EEDATA -DEEDATA=2 -DCODE=2 \
  -DSTRCODE=2 -DSTRING=2 -DCONST=2 -DENTRY=2 -k /tmp/xcXoOeCBq.obj \
  dist/default/production/TAP2-8x8.X.production.obj 

Object code version is 3.11

Machine type is 16F1947



                Name                               Link     Load   Length Selector   Space Scale
/tmp/xcXoOeCBq.obj
                end_init                             3C       3C        2        8       0
                reset_vec                             0        0        2        0       0
                config                             8007     8007        2    1000E       0
dist/default/production/TAP2-8x8.X.production.obj
                cinit                                3E       3E       24        8       0
                intentry                              4        4       38        8       0
                text17                             14C3     14C3       1B     2986       0
                text16                             1514     1514       1D     2A28       0
                text15                             14DE     14DE       1B     29BC       0
                text14                             1531     1531       1D     2A62       0
                text13                             1465     1465        7     28CA       0
                text11                             146C     146C        B     28D8       0
                text10                              96E      96E      692     12DC       0
                text9                              148F     148F       1A     291E       0
                text8                              14A9     14A9       1A     2952       0
                text7                              145F     145F        6     28BE       0
                text6                               870      870       39     10E0       0
                text5                              1477     1477        C     28EE       0
                text4                              154E     154E       27     2A9C       0
                text3                              1575     1575       35     2AEA       0
                text2                              14F9     14F9       1B     29F2       0
                text1                              15AA     15AA      256     2B54       0
                maintext                            8A9      8A9       C5     1152       0
                cstackBANK0                          20       20       24       20       1
                cstackCOMMON                         70       70        A       70       1
                cstackBANK1                          A8       A8        7       A0       1
                clrtext                            1483     1483        C     2906       0
                bssBANK1                             A0       A0        8       A0       1
                bssBANK0                             44       44       22       20       1
                bssCOMMON                            7A       7A        2       70       1
                nvBANK0                              66       66        5       20       1
                stringtext                           62       62      80B       C4       0

TOTAL           Name                               Link     Load   Length     Space
        CLASS   STACK          

        CLASS   CODE           
                end_init                             3C       3C        2         0
                cinit                                3E       3E       24         0
                intentry                              4        4       38         0
                reset_vec                             0        0        2         0
                text17                             14C3     14C3       1B         0
                text16                             1514     1514       1D         0
                text15                             14DE     14DE       1B         0
                text14                             1531     1531       1D         0
                text13                             1465     1465        7         0
                text11                             146C     146C        B         0
                text10                              96E      96E      692         0
                text9                              148F     148F       1A         0
                text8                              14A9     14A9       1A         0
                text7                              145F     145F        6         0
                text6                               870      870       39         0
                text5                              1477     1477        C         0
                text4                              154E     154E       27         0
                text3                              1575     1575       35         0
                text2                              14F9     14F9       1B         0
                text1                              15AA     15AA      256         0
                maintext                            8A9      8A9       C5         0
                clrtext                            1483     1483        C         0

        CLASS   STRCODE        
                stringtext                           62       62      80B         0

        CLASS   STRING         

        CLASS   CONST          

        CLASS   ENTRY          

        CLASS   COMMON         
                cstackCOMMON                         70       70        A         1
                bssCOMMON                            7A       7A        2         1

        CLASS   BANK0          
                cstackBANK0                          20       20       24         1
                bssBANK0                             44       44       22         1
                nvBANK0                              66       66        5         1

        CLASS   BANK1          
                cstackBANK1                          A8       A8        7         1
                bssBANK1                             A0       A0        8         1

        CLASS   BANK2          

        CLASS   BANK3          

        CLASS   BANK4          

        CLASS   BANK5          

        CLASS   BANK6          

        CLASS   BANK7          

        CLASS   BANK8          

        CLASS   BANK9          

        CLASS   BANK10         

        CLASS   BANK11         

        CLASS   BANK12         

        CLASS   BIGRAM         

        CLASS   RAM            

        CLASS   ABS1           
                abs_s1                               7E       7E        2         1
                abs_s1                              2C0      2C0       30         1
                abs_s1                              320      320       50         1
                abs_s1                              3A0      3A0       50         1
                abs_s1                              420      420       50         1
                abs_s1                              4A0      4A0       50         1
                abs_s1                              520      520       50         1
                abs_s1                              5A0      5A0       50         1
                abs_s1                              620      620       30         1
                abs_s1                             21B0     21B0        0         1
                abs_s1                             2270     2270        0         1
                abs_s1                             22F0     22F0        0         1
                abs_s1                             2370     2370        0         1

        CLASS   SFR0           

        CLASS   SFR1           

        CLASS   SFR2           

        CLASS   SFR3           

        CLASS   SFR4           

        CLASS   SFR5           

        CLASS   SFR6           

        CLASS   SFR7           

        CLASS   SFR8           

        CLASS   SFR9           

        CLASS   SFR10          

        CLASS   SFR11          

        CLASS   SFR12          

        CLASS   SFR13          

        CLASS   SFR14          

        CLASS   SFR15          

        CLASS   SFR16          

        CLASS   SFR17          

        CLASS   SFR18          

        CLASS   SFR19          

        CLASS   SFR20          

        CLASS   SFR21          

        CLASS   SFR22          

        CLASS   SFR23          

        CLASS   SFR24          

        CLASS   SFR25          

        CLASS   SFR26          

        CLASS   SFR27          

        CLASS   SFR28          

        CLASS   SFR29          

        CLASS   SFR30          

        CLASS   SFR31          

        CLASS   CONFIG         
                config                             8007     8007        2         0

        CLASS   IDLOC          

        CLASS   EEDATA         

        CLASS   BANK31         

        CLASS   BANK30         

        CLASS   BANK29         

        CLASS   BANK28         

        CLASS   BANK27         

        CLASS   BANK26         

        CLASS   BANK25         

        CLASS   BANK24         

        CLASS   BANK23         

        CLASS   BANK22         

        CLASS   BANK21         

        CLASS   BANK20         

        CLASS   BANK19         

        CLASS   BANK18         

        CLASS   BANK17         

        CLASS   BANK16         

        CLASS   BANK15         

        CLASS   BANK14         

        CLASS   BANK13         



SEGMENTS        Name                           Load    Length   Top    Selector   Space  Class     Delta

                reset_vec                      000000  000002  000002         0       0  CODE        2
                intentry                       000004  00005E  000062         8       0  CODE        2
                cstackBANK0                    000020  00004B  00006B        20       1  BANK0       1
                cstackCOMMON                   000070  00000C  00007C        70       1  COMMON      1
                bssBANK1                       0000A0  00000F  0000AF        A0       1  BANK1       1
                stringtext                     000062  00080B  00086D        C4       0  STRCODE     2
                text6                          000870  000039  0008A9      10E0       0  CODE        2
                maintext                       0008A9  0000C5  00096E      1152       0  CODE        2
                text10                         00096E  000692  001000      12DC       0  CODE        2
                text7                          00145F  000006  001465      28BE       0  CODE        2
                text13                         001465  000007  00146C      28CA       0  CODE        2
                text11                         00146C  00000B  001477      28D8       0  CODE        2
                text5                          001477  00000C  001483      28EE       0  CODE        2
                clrtext                        001483  00000C  00148F      2906       0  CODE        2
                text9                          00148F  00001A  0014A9      291E       0  CODE        2
                text8                          0014A9  00001A  0014C3      2952       0  CODE        2
                text17                         0014C3  00001B  0014DE      2986       0  CODE        2
                text15                         0014DE  00001B  0014F9      29BC       0  CODE        2
                text2                          0014F9  00001B  001514      29F2       0  CODE        2
                text16                         001514  00001D  001531      2A28       0  CODE        2
                text14                         001531  00001D  00154E      2A62       0  CODE        2
                text4                          00154E  000027  001575      2A9C       0  CODE        2
                text3                          001575  000035  0015AA      2AEA       0  CODE        2
                text1                          0015AA  000256  001800      2B54       0  CODE        2
                config                         008007  000002  008009     1000E       0  CONFIG      2


UNUSED ADDRESS RANGES

        Name                Unused          Largest block    Delta
        BANK0            0006B-0006F               5           1
        BANK1            000AF-000EF              41           1
        BANK2            00120-0016F              50           1
        BANK3            001A0-001EF              50           1
        BANK4            00220-0026F              50           1
        BANK5            002A0-002BF              20           1
        BIGRAM           02000-023EF             3F0           1
        CODE             00002-00003               2           2
                         0086D-0086F               3
                         01000-0145E             45F
                         01800-03FFF             800
        COMMON           0007C-0007D               2           1
        CONST            00002-00003               2           2
                         0086D-0086F               3
                         01000-0145E             100
                         01800-03FFF             100
        EEDATA           0F000-0F0FF             100           2
        ENTRY            00002-00003               2           2
                         0086D-0086F               3
                         01000-0145E             100
                         01800-03FFF             100
        IDLOC            08000-08003               4           2
        RAM              0006B-0006F               5           1
                         000AF-000EF              41
                         00120-0016F              50
                         001A0-001EF              50
                         00220-0026F              50
                         002A0-002BF              20
        SFR0             00000-0001F              20           1
        SFR1             00080-0009F              20           1
        SFR10            00500-0051F              20           1
        SFR11            00580-0059F              20           1
        SFR12            00600-0061F              20           1
        SFR13            00680-006EF              70           1
        SFR14            00700-0076F              70           1
        SFR15            00780-007EF              70           1
        SFR16            00800-0086F              70           1
        SFR17            00880-008EF              70           1
        SFR18            00900-0096F              70           1
        SFR19            00980-009EF              70           1
        SFR2             00100-0011F              20           1
        SFR20            00A00-00A6F              70           1
        SFR21            00A80-00AEF              70           1
        SFR22            00B00-00B6F              70           1
        SFR23            00B80-00BEF              70           1
        SFR24            00C00-00C6F              70           1
        SFR25            00C80-00CEF              70           1
        SFR26            00D00-00D6F              70           1
        SFR27            00D80-00DEF              70           1
        SFR28            00E00-00E6F              70           1
        SFR29            00E80-00EEF              70           1
        SFR3             00180-0019F              20           1
        SFR30            00F00-00F6F              70           1
        SFR31            00F80-00FEF              70           1
        SFR4             00200-0021F              20           1
        SFR5             00280-0029F              20           1
        SFR6             00300-0031F              20           1
        SFR7             00380-0039F              20           1
        SFR8             00400-0041F              20           1
        SFR9             00480-0049F              20           1
        STACK            0205F-021AF             151           1
        STRCODE          00002-00003               2           2
                         0086D-0086F               3
                         01000-0145E             45F
                         01800-03FFF            2800
        STRING           00002-00003               2           2
                         0086D-0086F               3
                         01000-0145E             100
                         01800-03FFF             100

                                  Symbol Table

?___lwdiv                            cstackBANK0  00020
?___wmul                             cstackCOMMON 00072
Display_LED_data@i                   cstackBANK0  00020
_ANSELA                              (abs)        0018C
_ANSELE                              (abs)        00190
_ANSELF                              (abs)        0040C
_ANSELG                              (abs)        0040D
_APFCON                              (abs)        0011D
_BAUD1CON                            (abs)        0019F
_BAUD2CON                            (abs)        00497
_Display_LED_data                    text10       0096E
_EUSART1_Initialize                  text9        0148F
_EUSART1_Receive_ISR                 text17       014C3
_EUSART1_Transmit_ISR                text16       01514
_EUSART2_Initialize                  text8        014A9
_EUSART2_Receive_ISR                 text15       014DE
_EUSART2_Transmit_ISR                text14       01531
_INTCONbits                          (abs)        0000B
_INTERRUPT_InterruptManager          intentry     00004
_IOCBF0                              (abs)        01CB0
_IOCBN0                              (abs)        01CA8
_LATA                                (abs)        0010C
_LATB                                (abs)        0010D
_LATB1                               (abs)        00869
_LATB2                               (abs)        0086A
_LATB3                               (abs)        0086B
_LATB4                               (abs)        0086C
_LATB5                               (abs)        0086D
_LATB6                               (abs)        0086E
_LATB7                               (abs)        0086F
_LATC                                (abs)        0010E
_LATC1                               (abs)        00871
_LATD                                (abs)        0010F
_LATD0                               (abs)        00878
_LATD1                               (abs)        00879
_LATD2                               (abs)        0087A
_LATD3                               (abs)        0087B
_LATD4                               (abs)        0087C
_LATD5                               (abs)        0087D
_LATD6                               (abs)        0087E
_LATD7                               (abs)        0087F
_LATE                                (abs)        00110
_LATE0                               (abs)        00880
_LATE1                               (abs)        00881
_LATE2                               (abs)        00882
_LATE3                               (abs)        00883
_LATE4                               (abs)        00884
_LATE5                               (abs)        00885
_LATE6                               (abs)        00886
_LATE7                               (abs)        00887
_LATF                                (abs)        0038C
_LATF0                               (abs)        01C60
_LATF1                               (abs)        01C61
_LATF2                               (abs)        01C62
_LATF3                               (abs)        01C63
_LATF4                               (abs)        01C64
_LATF5                               (abs)        01C65
_LATF6                               (abs)        01C66
_LATF7                               (abs)        01C67
_LATG                                (abs)        0038D
_LED_B                               (abs)        02370
_LED_G                               (abs)        022F0
_LED_R                               (abs)        02270
_OPTION_REGbits                      (abs)        00095
_OSCCON                              (abs)        00099
_OSCILLATOR_Initialize               text7        0145F
_OSCSTAT                             (abs)        0009A
_OSCTUNE                             (abs)        00098
_PIE1bits                            (abs)        00091
_PIE4bits                            (abs)        00094
_PIN_MANAGER_IOC                     text13       01465
_PIN_MANAGER_Initialize              text6        00870
_PIR1bits                            (abs)        00011
_PIR4bits                            (abs)        00014
_RC1REG                              (abs)        00199
_RC1STA                              (abs)        0019D
_RC1STAbits                          (abs)        0019D
_RC2REG                              (abs)        00491
_RC2STA                              (abs)        00495
_RC2STAbits                          (abs)        00495
_SP1BRGH                             (abs)        0019C
_SP1BRGL                             (abs)        0019B
_SP2BRGH                             (abs)        00494
_SP2BRGL                             (abs)        00493
_SYSTEM_Initialize                   text5        01477
_TRISA                               (abs)        0008C
_TRISB                               (abs)        0008D
_TRISC                               (abs)        0008E
_TRISD                               (abs)        0008F
_TRISE                               (abs)        00090
_TRISF                               (abs)        0030C
_TRISG                               (abs)        0030D
_TX1REG                              (abs)        0019A
_TX1STA                              (abs)        0019E
_TX2REG                              (abs)        00492
_TX2STA                              (abs)        00496
_WPUB                                (abs)        0020D
_WPUG                                (abs)        0048D
__CFG_BOREN$ON                       (abs)        00000
__CFG_BORV$LO                        (abs)        00000
__CFG_CLKOUTEN$OFF                   (abs)        00000
__CFG_CP$OFF                         (abs)        00000
__CFG_CPD$OFF                        (abs)        00000
__CFG_FCMEN$ON                       (abs)        00000
__CFG_FOSC$INTOSC                    (abs)        00000
__CFG_IESO$ON                        (abs)        00000
__CFG_LVP$OFF                        (abs)        00000
__CFG_MCLRE$ON                       (abs)        00000
__CFG_PLLEN$ON                       (abs)        00000
__CFG_PWRTE$OFF                      (abs)        00000
__CFG_STVREN$ON                      (abs)        00000
__CFG_VCAPEN$OFF                     (abs)        00000
__CFG_WDTE$OFF                       (abs)        00000
__CFG_WRT$OFF                        (abs)        00000
__Habs1                              abs1         00000
__Hbank0                             bank0        00000
__Hbank1                             bank1        00000
__Hbank10                            bank10       00000
__Hbank11                            bank11       00000
__Hbank12                            bank12       00000
__Hbank13                            bank13       00000
__Hbank14                            bank14       00000
__Hbank15                            bank15       00000
__Hbank16                            bank16       00000
__Hbank17                            bank17       00000
__Hbank18                            bank18       00000
__Hbank19                            bank19       00000
__Hbank2                             bank2        00000
__Hbank20                            bank20       00000
__Hbank21                            bank21       00000
__Hbank22                            bank22       00000
__Hbank23                            bank23       00000
__Hbank24                            bank24       00000
__Hbank25                            bank25       00000
__Hbank26                            bank26       00000
__Hbank27                            bank27       00000
__Hbank28                            bank28       00000
__Hbank29                            bank29       00000
__Hbank3                             bank3        00000
__Hbank30                            bank30       00000
__Hbank31                            bank31       00000
__Hbank4                             bank4        00000
__Hbank5                             bank5        00000
__Hbank6                             bank6        00000
__Hbank7                             bank7        00000
__Hbank8                             bank8        00000
__Hbank9                             bank9        00000
__Hbigram                            bigram       00000
__HbssBANK0                          bssBANK0     00000
__HbssBANK1                          bssBANK1     00000
__HbssCOMMON                         bssCOMMON    00000
__Hcinit                             cinit        00062
__Hclrtext                           clrtext      00000
__Hcode                              code         00000
__Hcommon                            common       00000
__Hconfig                            config       08009
__HcstackBANK0                       cstackBANK0  00000
__HcstackBANK1                       cstackBANK1  00000
__HcstackCOMMON                      cstackCOMMON 00000
__Heeprom_data                       eeprom_data  00000
__Hend_init                          end_init     0003E
__Hfunctab                           functab      00000
__Hidloc                             idloc        00000
__Hinit                              init         0003C
__Hintentry                          intentry     0003C
__Hmaintext                          maintext     00000
__HnvBANK0                           nvBANK0      00000
__Hpowerup                           powerup      00000
__Hram                               ram          00000
__Hreset_vec                         reset_vec    00002
__Hsfr0                              sfr0         00000
__Hsfr1                              sfr1         00000
__Hsfr10                             sfr10        00000
__Hsfr11                             sfr11        00000
__Hsfr12                             sfr12        00000
__Hsfr13                             sfr13        00000
__Hsfr14                             sfr14        00000
__Hsfr15                             sfr15        00000
__Hsfr16                             sfr16        00000
__Hsfr17                             sfr17        00000
__Hsfr18                             sfr18        00000
__Hsfr19                             sfr19        00000
__Hsfr2                              sfr2         00000
__Hsfr20                             sfr20        00000
__Hsfr21                             sfr21        00000
__Hsfr22                             sfr22        00000
__Hsfr23                             sfr23        00000
__Hsfr24                             sfr24        00000
__Hsfr25                             sfr25        00000
__Hsfr26                             sfr26        00000
__Hsfr27                             sfr27        00000
__Hsfr28                             sfr28        00000
__Hsfr29                             sfr29        00000
__Hsfr3                              sfr3         00000
__Hsfr30                             sfr30        00000
__Hsfr31                             sfr31        00000
__Hsfr4                              sfr4         00000
__Hsfr5                              sfr5         00000
__Hsfr6                              sfr6         00000
__Hsfr7                              sfr7         00000
__Hsfr8                              sfr8         00000
__Hsfr9                              sfr9         00000
__Hspace_0                           (abs)        08009
__Hspace_1                           (abs)        000AF
__Hspace_2                           (abs)        00000
__Hspace_3                           (abs)        00000
__Hstack                             stack        00000
__Hstrings                           strings      00000
__Hstringtext                        stringtext   00000
__Htext                              text         00000
__Labs1                              abs1         00000
__Lbank0                             bank0        00000
__Lbank1                             bank1        00000
__Lbank10                            bank10       00000
__Lbank11                            bank11       00000
__Lbank12                            bank12       00000
__Lbank13                            bank13       00000
__Lbank14                            bank14       00000
__Lbank15                            bank15       00000
__Lbank16                            bank16       00000
__Lbank17                            bank17       00000
__Lbank18                            bank18       00000
__Lbank19                            bank19       00000
__Lbank2                             bank2        00000
__Lbank20                            bank20       00000
__Lbank21                            bank21       00000
__Lbank22                            bank22       00000
__Lbank23                            bank23       00000
__Lbank24                            bank24       00000
__Lbank25                            bank25       00000
__Lbank26                            bank26       00000
__Lbank27                            bank27       00000
__Lbank28                            bank28       00000
__Lbank29                            bank29       00000
__Lbank3                             bank3        00000
__Lbank30                            bank30       00000
__Lbank31                            bank31       00000
__Lbank4                             bank4        00000
__Lbank5                             bank5        00000
__Lbank6                             bank6        00000
__Lbank7                             bank7        00000
__Lbank8                             bank8        00000
__Lbank9                             bank9        00000
__Lbigram                            bigram       00000
__LbssBANK0                          bssBANK0     00000
__LbssBANK1                          bssBANK1     00000
__LbssCOMMON                         bssCOMMON    00000
__Lcinit                             cinit        0003E
__Lclrtext                           clrtext      00000
__Lcode                              code         00000
__Lcommon                            common       00000
__Lconfig                            config       08007
__LcstackBANK0                       cstackBANK0  00000
__LcstackBANK1                       cstackBANK1  00000
__LcstackCOMMON                      cstackCOMMON 00000
__Leeprom_data                       eeprom_data  00000
__Lend_init                          end_init     0003C
__Lfunctab                           functab      00000
__Lidloc                             idloc        00000
__Linit                              init         0003C
__Lintentry                          intentry     00004
__Lmaintext                          maintext     00000
__LnvBANK0                           nvBANK0      00000
__Lpowerup                           powerup      00000
__Lram                               ram          00000
__Lreset_vec                         reset_vec    00000
__Lsfr0                              sfr0         00000
__Lsfr1                              sfr1         00000
__Lsfr10                             sfr10        00000
__Lsfr11                             sfr11        00000
__Lsfr12                             sfr12        00000
__Lsfr13                             sfr13        00000
__Lsfr14                             sfr14        00000
__Lsfr15                             sfr15        00000
__Lsfr16                             sfr16        00000
__Lsfr17                             sfr17        00000
__Lsfr18                             sfr18        00000
__Lsfr19                             sfr19        00000
__Lsfr2                              sfr2         00000
__Lsfr20                             sfr20        00000
__Lsfr21                             sfr21        00000
__Lsfr22                             sfr22        00000
__Lsfr23                             sfr23        00000
__Lsfr24                             sfr24        00000
__Lsfr25                             sfr25        00000
__Lsfr26                             sfr26        00000
__Lsfr27                             sfr27        00000
__Lsfr28                             sfr28        00000
__Lsfr29                             sfr29        00000
__Lsfr3                              sfr3         00000
__Lsfr30                             sfr30        00000
__Lsfr31                             sfr31        00000
__Lsfr4                              sfr4         00000
__Lsfr5                              sfr5         00000
__Lsfr6                              sfr6         00000
__Lsfr7                              sfr7         00000
__Lsfr8                              sfr8         00000
__Lsfr9                              sfr9         00000
__Lspace_0                           (abs)        00000
__Lspace_1                           (abs)        00000
__Lspace_2                           (abs)        00000
__Lspace_3                           (abs)        00000
__Lstack                             stack        00000
__Lstrings                           strings      00000
__Lstringtext                        stringtext   00000
__Ltext                              text         00000
__S0                                 (abs)        08009
__S1                                 (abs)        000AF
__S2                                 (abs)        00000
__S3                                 (abs)        00000
___int_sp                            stack        00000
___latbits                           (abs)        00003
___lwdiv                             text3        01575
___lwdiv@counter                     cstackBANK0  00024
___lwdiv@dividend                    cstackBANK0  00022
___lwdiv@divisor                     cstackBANK0  00020
___lwdiv@quotient                    cstackBANK0  00025
___sp                                stack        00000
___wmul                              text2        014F9
___wmul@multiplicand                 cstackCOMMON 00074
___wmul@multiplier                   cstackCOMMON 00072
___wmul@product                      cstackCOMMON 00076
__end_of_Display_LED_data            text10       01000
__end_of_EUSART1_Initialize          text9        014A9
__end_of_EUSART1_Receive_ISR         text17       014DE
__end_of_EUSART1_Transmit_ISR        text16       01531
__end_of_EUSART2_Initialize          text8        014C3
__end_of_EUSART2_Receive_ISR         text15       014F9
__end_of_EUSART2_Transmit_ISR        text14       0154E
__end_of_INTERRUPT_InterruptManager  intentry     0003C
__end_of_OSCILLATOR_Initialize       text7        01465
__end_of_PIN_MANAGER_IOC             text13       0146C
__end_of_PIN_MANAGER_Initialize      text6        008A9
__end_of_SYSTEM_Initialize           text5        01483
__end_of___lwdiv                     text3        015AA
__end_of___wmul                      text2        01514
__end_of__initialization             cinit        0005E
__end_of_all_off                     text4        01575
__end_of_font_basic                  stringtext   00862
__end_of_init_font_LED_data          text1        01800
__end_of_main                        maintext     0096E
__end_of_usec_delay                  text11       01477
__end_ofinit_font_LED_data@mask      stringtext   0086D
__end_ofmain@charstodisplay          stringtext   0086C
__initialization                     cinit        0003E
__pbssBANK0                          bssBANK0     00044
__pbssBANK1                          bssBANK1     000A0
__pbssBIGRAM                         (abs)        021B0
__pbssCOMMON                         bssCOMMON    0007A
__pcstackBANK0                       cstackBANK0  00020
__pcstackBANK1                       cstackBANK1  000A8
__pcstackCOMMON                      cstackCOMMON 00070
__pintentry                          intentry     00004
__pmaintext                          maintext     008A9
__pnvBANK0                           nvBANK0      00066
__pstringtext                        stringtext   00062
__ptext1                             text1        015AA
__ptext10                            text10       0096E
__ptext11                            text11       0146C
__ptext13                            text13       01465
__ptext14                            text14       01531
__ptext15                            text15       014DE
__ptext16                            text16       01514
__ptext17                            text17       014C3
__ptext2                             text2        014F9
__ptext3                             text3        01575
__ptext4                             text4        0154E
__ptext5                             text5        01477
__ptext6                             text6        00870
__ptext7                             text7        0145F
__ptext8                             text8        014A9
__ptext9                             text9        0148F
__size_of_Display_LED_data           (abs)        00000
__size_of_EUSART1_Initialize         (abs)        00000
__size_of_EUSART1_Receive_ISR        (abs)        00000
__size_of_EUSART1_Transmit_ISR       (abs)        00000
__size_of_EUSART2_Initialize         (abs)        00000
__size_of_EUSART2_Receive_ISR        (abs)        00000
__size_of_EUSART2_Transmit_ISR       (abs)        00000
__size_of_INTERRUPT_InterruptManager (abs)        00000
__size_of_OSCILLATOR_Initialize      (abs)        00000
__size_of_PIN_MANAGER_IOC            (abs)        00000
__size_of_PIN_MANAGER_Initialize     (abs)        00000
__size_of_SYSTEM_Initialize          (abs)        00000
__size_of___lwdiv                    (abs)        00000
__size_of___wmul                     (abs)        00000
__size_of_all_off                    (abs)        00000
__size_of_init_font_LED_data         (abs)        00000
__size_of_main                       (abs)        00000
__size_of_usec_delay                 (abs)        00000
_all_off                             text4        0154E
_current_blue_level                  nvBANK0      00066
_current_green_level                 nvBANK0      00067
_current_red_level                   nvBANK0      00068
_delay_ptr                           bssCOMMON    0007A
_delay_time                          (abs)        021B0
_eusart1RxBuffer                     bssBANK1     000A0
_eusart1RxCount                      bssBANK0     0005D
_eusart1RxHead                       bssBANK0     0005E
_eusart1RxTail                       bssBANK0     0005F
_eusart1TxBuffer                     bssBANK0     00044
_eusart1TxBufferRemaining            nvBANK0      00069
_eusart1TxHead                       bssBANK0     00060
_eusart1TxTail                       bssBANK0     00061
_eusart2RxBuffer                     bssBANK0     0004C
_eusart2RxCount                      bssBANK0     00062
_eusart2RxHead                       bssBANK0     00063
_eusart2RxTail                       bssBANK0     00064
_eusart2TxBuffer                     bssBANK0     00054
_eusart2TxBufferRemaining            nvBANK0      0006A
_eusart2TxHead                       bssCOMMON    0007B
_eusart2TxTail                       bssBANK0     00065
_font_basic                          stringtext   00062
_init_font_LED_data                  text1        015AA
_init_font_LED_data$963              cstackBANK0  00039
_main                                maintext     008A9
_usec_delay                          text11       0146C
btemp                                (abs)        0007E
clear_ram0                           clrtext      01483
end_of_initialization                cinit        0005E
init_font_LED_data@cnext             cstackBANK0  00027
init_font_LED_data@ctxt              cstackBANK0  00034
init_font_LED_data@dvalue            cstackBANK0  0003F
init_font_LED_data@h                 cstackBANK0  00037
init_font_LED_data@i                 cstackBANK0  0003B
init_font_LED_data@j                 cstackBANK0  00035
init_font_LED_data@mask              stringtext   0086C
init_font_LED_data@offset            cstackBANK0  00028
init_font_LED_data@tempbit           cstackBANK0  0003D
int$flags                            (abs)        0007E
intlevel0                            functab      00000
intlevel1                            functab      00000
intlevel2                            functab      00000
intlevel3                            functab      00000
intlevel4                            functab      00000
intlevel5                            functab      00000
ltemp                                (abs)        0007E
ltemp0                               (abs)        0007E
ltemp1                               (abs)        00082
ltemp2                               (abs)        00086
ltemp3                               (abs)        00080
main@charnext                        cstackBANK1  000AA
main@charstodisplay                  stringtext   00862
main@offset                          cstackBANK1  000AB
main@scroll                          cstackBANK1  000A8
main@x                               cstackBANK1  000AE
main@y                               cstackBANK1  000AD
reset_vec                            reset_vec    00000
stackhi                              (abs)        021AF
stacklo                              (abs)        0205F
start                                init         0003C
start_initialization                 cinit        0003E
ttemp                                (abs)        0007E
ttemp0                               (abs)        0007E
ttemp1                               (abs)        00081
ttemp2                               (abs)        00084
ttemp3                               (abs)        00087
ttemp4                               (abs)        0007F
usec_delay@usec                      cstackCOMMON 00072
wtemp                                (abs)        0007E
wtemp0                               (abs)        0007E
wtemp1                               (abs)        00080
wtemp2                               (abs)        00082
wtemp3                               (abs)        00084
wtemp4                               (abs)        00086
wtemp5                               (abs)        00088
wtemp6                               (abs)        0007F


FUNCTION INFORMATION:

 *************** function _main *****************
 Defined at:
		line 159 in file "main.c"
 Parameters:    Size  Location     Type
		None
 Auto vars:     Size  Location     Type
  offset          2    3[BANK1 ] unsigned int 
  scroll          2    0[BANK1 ] unsigned int 
  x               1    6[BANK1 ] unsigned char 
  y               1    5[BANK1 ] unsigned char 
  charnext        1    2[BANK1 ] unsigned char 
 Return value:  Size  Location     Type
		None               void
 Registers used:
		wreg, fsr0l, fsr0h, fsr1l, fsr1h, status,2, status,0, pclath, cstack
 Tracked objects:
		On entry : 
		On exit  : 
		Unchanged: 
 Data sizes:     COMMON   BANK0   BANK1   BANK2   BANK3   BANK4   BANK5   BANK6   BANK7   BANK8   BANK9  BANK10  BANK11  BANK12
      Params:         0       0       0       0       0       0       0       0       0       0       0       0       0       0
      Locals:         0       0       7       0       0       0       0       0       0       0       0       0       0       0
      Temps:          0       3       0       0       0       0       0       0       0       0       0       0       0       0
      Totals:         0       3       7       0       0       0       0       0       0       0       0       0       0       0
Total ram usage:       10 bytes
 Hardware stack levels required when called:    4
 This function calls:
		_Display_LED_data
		_SYSTEM_Initialize
		_all_off
		_init_font_LED_data
 This function is called by:
		Startup code after reset
 This function uses a non-reentrant model


 *************** function _init_font_LED_data *****************
 Defined at:
		line 231 in file "main.c"
 Parameters:    Size  Location     Type
  ctxt            1    wreg     unsigned char 
  cnext           1    7[BANK0 ] unsigned char 
  offset          2    8[BANK0 ] unsigned int 
 Auto vars:     Size  Location     Type
  ctxt            1   20[BANK0 ] unsigned char 
  i               2   27[BANK0 ] unsigned int 
  dvalue          2   31[BANK0 ] volatile unsigned int 
  tempbit         2   29[BANK0 ] volatile unsigned int 
  h               2   23[BANK0 ] unsigned int 
  j               2   21[BANK0 ] unsigned int 
 Return value:  Size  Location     Type
		None               void
 Registers used:
		wreg, fsr0l, fsr0h, fsr1l, fsr1h, status,2, status,0, pclath, cstack
 Tracked objects:
		On entry : 
		On exit  : 
		Unchanged: 
 Data sizes:     COMMON   BANK0   BANK1   BANK2   BANK3   BANK4   BANK5   BANK6   BANK7   BANK8   BANK9  BANK10  BANK11  BANK12
      Params:         0       3       0       0       0       0       0       0       0       0       0       0       0       0
      Locals:         0      13       0       0       0       0       0       0       0       0       0       0       0       0
      Temps:          0      10       0       0       0       0       0       0       0       0       0       0       0       0
      Totals:         0      26       0       0       0       0       0       0       0       0       0       0       0       0
Total ram usage:       26 bytes
 Hardware stack levels used:    1
 Hardware stack levels required when called:    3
 This function calls:
		___lwdiv
		___wmul
 This function is called by:
		_main
 This function uses a non-reentrant model


 *************** function ___wmul *****************
 Defined at:
		line 15 in file "/opt/microchip/xc8/v1.35/sources/common/Umul16.c"
 Parameters:    Size  Location     Type
  multiplier      2    2[COMMON] unsigned int 
  multiplicand    2    4[COMMON] unsigned int 
 Auto vars:     Size  Location     Type
  product         2    6[COMMON] unsigned int 
 Return value:  Size  Location     Type
                  2    2[COMMON] unsigned int 
 Registers used:
		wreg, status,2, status,0
 Tracked objects:
		On entry : 
		On exit  : 
		Unchanged: 
 Data sizes:     COMMON   BANK0   BANK1   BANK2   BANK3   BANK4   BANK5   BANK6   BANK7   BANK8   BANK9  BANK10  BANK11  BANK12
      Params:         4       0       0       0       0       0       0       0       0       0       0       0       0       0
      Locals:         2       0       0       0       0       0       0       0       0       0       0       0       0       0
      Temps:          0       0       0       0       0       0       0       0       0       0       0       0       0       0
      Totals:         6       0       0       0       0       0       0       0       0       0       0       0       0       0
Total ram usage:        6 bytes
 Hardware stack levels used:    1
 Hardware stack levels required when called:    2
 This function calls:
		Nothing
 This function is called by:
		_init_font_LED_data
 This function uses a non-reentrant model


 *************** function ___lwdiv *****************
 Defined at:
		line 6 in file "/opt/microchip/xc8/v1.35/sources/common/lwdiv.c"
 Parameters:    Size  Location     Type
  divisor         2    0[BANK0 ] unsigned int 
  dividend        2    2[BANK0 ] unsigned int 
 Auto vars:     Size  Location     Type
  quotient        2    5[BANK0 ] unsigned int 
  counter         1    4[BANK0 ] unsigned char 
 Return value:  Size  Location     Type
                  2    0[BANK0 ] unsigned int 
 Registers used:
		wreg, status,2, status,0
 Tracked objects:
		On entry : 
		On exit  : 
		Unchanged: 
 Data sizes:     COMMON   BANK0   BANK1   BANK2   BANK3   BANK4   BANK5   BANK6   BANK7   BANK8   BANK9  BANK10  BANK11  BANK12
      Params:         0       4       0       0       0       0       0       0       0       0       0       0       0       0
      Locals:         0       3       0       0       0       0       0       0       0       0       0       0       0       0
      Temps:          1       0       0       0       0       0       0       0       0       0       0       0       0       0
      Totals:         1       7       0       0       0       0       0       0       0       0       0       0       0       0
Total ram usage:        8 bytes
 Hardware stack levels used:    1
 Hardware stack levels required when called:    2
 This function calls:
		Nothing
 This function is called by:
		_init_font_LED_data
 This function uses a non-reentrant model


 *************** function _all_off *****************
 Defined at:
		line 445 in file "main.c"
 Parameters:    Size  Location     Type
		None
 Auto vars:     Size  Location     Type
		None
 Return value:  Size  Location     Type
		None               void
 Registers used:
		None
 Tracked objects:
		On entry : 
		On exit  : 
		Unchanged: 
 Data sizes:     COMMON   BANK0   BANK1   BANK2   BANK3   BANK4   BANK5   BANK6   BANK7   BANK8   BANK9  BANK10  BANK11  BANK12
      Params:         0       0       0       0       0       0       0       0       0       0       0       0       0       0
      Locals:         0       0       0       0       0       0       0       0       0       0       0       0       0       0
      Temps:          0       0       0       0       0       0       0       0       0       0       0       0       0       0
      Totals:         0       0       0       0       0       0       0       0       0       0       0       0       0       0
Total ram usage:        0 bytes
 Hardware stack levels used:    1
 Hardware stack levels required when called:    2
 This function calls:
		Nothing
 This function is called by:
		_main
 This function uses a non-reentrant model


 *************** function _SYSTEM_Initialize *****************
 Defined at:
		line 71 in file "mcc_generated_files/mcc.c"
 Parameters:    Size  Location     Type
		None
 Auto vars:     Size  Location     Type
		None
 Return value:  Size  Location     Type
		None               void
 Registers used:
		wreg, status,2, status,0, pclath, cstack
 Tracked objects:
		On entry : 
		On exit  : 
		Unchanged: 
 Data sizes:     COMMON   BANK0   BANK1   BANK2   BANK3   BANK4   BANK5   BANK6   BANK7   BANK8   BANK9  BANK10  BANK11  BANK12
      Params:         0       0       0       0       0       0       0       0       0       0       0       0       0       0
      Locals:         0       0       0       0       0       0       0       0       0       0       0       0       0       0
      Temps:          0       0       0       0       0       0       0       0       0       0       0       0       0       0
      Totals:         0       0       0       0       0       0       0       0       0       0       0       0       0       0
Total ram usage:        0 bytes
 Hardware stack levels used:    1
 Hardware stack levels required when called:    3
 This function calls:
		_EUSART1_Initialize
		_EUSART2_Initialize
		_OSCILLATOR_Initialize
		_PIN_MANAGER_Initialize
 This function is called by:
		_main
 This function uses a non-reentrant model


 *************** function _PIN_MANAGER_Initialize *****************
 Defined at:
		line 50 in file "mcc_generated_files/pin_manager.c"
 Parameters:    Size  Location     Type
		None
 Auto vars:     Size  Location     Type
		None
 Return value:  Size  Location     Type
		None               void
 Registers used:
		wreg, status,2
 Tracked objects:
		On entry : 
		On exit  : 
		Unchanged: 
 Data sizes:     COMMON   BANK0   BANK1   BANK2   BANK3   BANK4   BANK5   BANK6   BANK7   BANK8   BANK9  BANK10  BANK11  BANK12
      Params:         0       0       0       0       0       0       0       0       0       0       0       0       0       0
      Locals:         0       0       0       0       0       0       0       0       0       0       0       0       0       0
      Temps:          0       0       0       0       0       0       0       0       0       0       0       0       0       0
      Totals:         0       0       0       0       0       0       0       0       0       0       0       0       0       0
Total ram usage:        0 bytes
 Hardware stack levels used:    1
 Hardware stack levels required when called:    2
 This function calls:
		Nothing
 This function is called by:
		_SYSTEM_Initialize
 This function uses a non-reentrant model


 *************** function _OSCILLATOR_Initialize *****************
 Defined at:
		line 78 in file "mcc_generated_files/mcc.c"
 Parameters:    Size  Location     Type
		None
 Auto vars:     Size  Location     Type
		None
 Return value:  Size  Location     Type
		None               void
 Registers used:
		wreg, status,2
 Tracked objects:
		On entry : 
		On exit  : 
		Unchanged: 
 Data sizes:     COMMON   BANK0   BANK1   BANK2   BANK3   BANK4   BANK5   BANK6   BANK7   BANK8   BANK9  BANK10  BANK11  BANK12
      Params:         0       0       0       0       0       0       0       0       0       0       0       0       0       0
      Locals:         0       0       0       0       0       0       0       0       0       0       0       0       0       0
      Temps:          0       0       0       0       0       0       0       0       0       0       0       0       0       0
      Totals:         0       0       0       0       0       0       0       0       0       0       0       0       0       0
Total ram usage:        0 bytes
 Hardware stack levels used:    1
 Hardware stack levels required when called:    2
 This function calls:
		Nothing
 This function is called by:
		_SYSTEM_Initialize
 This function uses a non-reentrant model


 *************** function _EUSART2_Initialize *****************
 Defined at:
		line 76 in file "mcc_generated_files/eusart2.c"
 Parameters:    Size  Location     Type
		None
 Auto vars:     Size  Location     Type
		None
 Return value:  Size  Location     Type
		None               void
 Registers used:
		wreg, status,2
 Tracked objects:
		On entry : 
		On exit  : 
		Unchanged: 
 Data sizes:     COMMON   BANK0   BANK1   BANK2   BANK3   BANK4   BANK5   BANK6   BANK7   BANK8   BANK9  BANK10  BANK11  BANK12
      Params:         0       0       0       0       0       0       0       0       0       0       0       0       0       0
      Locals:         0       0       0       0       0       0       0       0       0       0       0       0       0       0
      Temps:          1       0       0       0       0       0       0       0       0       0       0       0       0       0
      Totals:         1       0       0       0       0       0       0       0       0       0       0       0       0       0
Total ram usage:        1 bytes
 Hardware stack levels used:    1
 Hardware stack levels required when called:    2
 This function calls:
		Nothing
 This function is called by:
		_SYSTEM_Initialize
 This function uses a non-reentrant model


 *************** function _EUSART1_Initialize *****************
 Defined at:
		line 76 in file "mcc_generated_files/eusart1.c"
 Parameters:    Size  Location     Type
		None
 Auto vars:     Size  Location     Type
		None
 Return value:  Size  Location     Type
		None               void
 Registers used:
		wreg, status,2
 Tracked objects:
		On entry : 
		On exit  : 
		Unchanged: 
 Data sizes:     COMMON   BANK0   BANK1   BANK2   BANK3   BANK4   BANK5   BANK6   BANK7   BANK8   BANK9  BANK10  BANK11  BANK12
      Params:         0       0       0       0       0       0       0       0       0       0       0       0       0       0
      Locals:         0       0       0       0       0       0       0       0       0       0       0       0       0       0
      Temps:          1       0       0       0       0       0       0       0       0       0       0       0       0       0
      Totals:         1       0       0       0       0       0       0       0       0       0       0       0       0       0
Total ram usage:        1 bytes
 Hardware stack levels used:    1
 Hardware stack levels required when called:    2
 This function calls:
		Nothing
 This function is called by:
		_SYSTEM_Initialize
 This function uses a non-reentrant model


 *************** function _Display_LED_data *****************
 Defined at:
		line 289 in file "main.c"
 Parameters:    Size  Location     Type
		None
 Auto vars:     Size  Location     Type
  i               2    0[BANK0 ] unsigned int 
 Return value:  Size  Location     Type
		None               void
 Registers used:
		wreg, fsr1l, fsr1h, status,2, status,0, pclath, cstack
 Tracked objects:
		On entry : 
		On exit  : 
		Unchanged: 
 Data sizes:     COMMON   BANK0   BANK1   BANK2   BANK3   BANK4   BANK5   BANK6   BANK7   BANK8   BANK9  BANK10  BANK11  BANK12
      Params:         0       0       0       0       0       0       0       0       0       0       0       0       0       0
      Locals:         0       2       0       0       0       0       0       0       0       0       0       0       0       0
      Temps:          6       0       0       0       0       0       0       0       0       0       0       0       0       0
      Totals:         6       2       0       0       0       0       0       0       0       0       0       0       0       0
Total ram usage:        8 bytes
 Hardware stack levels used:    1
 Hardware stack levels required when called:    3
 This function calls:
		_usec_delay
 This function is called by:
		_main
 This function uses a non-reentrant model


 *************** function _usec_delay *****************
 Defined at:
		line 849 in file "main.c"
 Parameters:    Size  Location     Type
  usec            2    2[COMMON] unsigned int 
 Auto vars:     Size  Location     Type
		None
 Return value:  Size  Location     Type
		None               void
 Registers used:
		wreg, status,2, status,0
 Tracked objects:
		On entry : 
		On exit  : 
		Unchanged: 
 Data sizes:     COMMON   BANK0   BANK1   BANK2   BANK3   BANK4   BANK5   BANK6   BANK7   BANK8   BANK9  BANK10  BANK11  BANK12
      Params:         2       0       0       0       0       0       0       0       0       0       0       0       0       0
      Locals:         0       0       0       0       0       0       0       0       0       0       0       0       0       0
      Temps:          0       0       0       0       0       0       0       0       0       0       0       0       0       0
      Totals:         2       0       0       0       0       0       0       0       0       0       0       0       0       0
Total ram usage:        2 bytes
 Hardware stack levels used:    1
 Hardware stack levels required when called:    2
 This function calls:
		Nothing
 This function is called by:
		_Display_LED_data
		_all_on
 This function uses a non-reentrant model


 *************** function _INTERRUPT_InterruptManager *****************
 Defined at:
		line 52 in file "mcc_generated_files/interrupt_manager.c"
 Parameters:    Size  Location     Type
		None
 Auto vars:     Size  Location     Type
		None
 Return value:  Size  Location     Type
		None               void
 Registers used:
		wreg, fsr1l, fsr1h, status,2, status,0, pclath, cstack
 Tracked objects:
		On entry : 
		On exit  : 
		Unchanged: 
 Data sizes:     COMMON   BANK0   BANK1   BANK2   BANK3   BANK4   BANK5   BANK6   BANK7   BANK8   BANK9  BANK10  BANK11  BANK12
      Params:         0       0       0       0       0       0       0       0       0       0       0       0       0       0
      Locals:         0       0       0       0       0       0       0       0       0       0       0       0       0       0
      Temps:          1       0       0       0       0       0       0       0       0       0       0       0       0       0
      Totals:         1       0       0       0       0       0       0       0       0       0       0       0       0       0
Total ram usage:        1 bytes
 Hardware stack levels used:    1
 Hardware stack levels required when called:    1
 This function calls:
		_EUSART1_Receive_ISR
		_EUSART1_Transmit_ISR
		_EUSART2_Receive_ISR
		_EUSART2_Transmit_ISR
		_PIN_MANAGER_IOC
 This function is called by:
		Interrupt level 1
 This function uses a non-reentrant model


 *************** function _PIN_MANAGER_IOC *****************
 Defined at:
		line 90 in file "mcc_generated_files/pin_manager.c"
 Parameters:    Size  Location     Type
		None
 Auto vars:     Size  Location     Type
		None
 Return value:  Size  Location     Type
		None               void
 Registers used:
		None
 Tracked objects:
		On entry : 
		On exit  : 
		Unchanged: 
 Data sizes:     COMMON   BANK0   BANK1   BANK2   BANK3   BANK4   BANK5   BANK6   BANK7   BANK8   BANK9  BANK10  BANK11  BANK12
      Params:         0       0       0       0       0       0       0       0       0       0       0       0       0       0
      Locals:         0       0       0       0       0       0       0       0       0       0       0       0       0       0
      Temps:          0       0       0       0       0       0       0       0       0       0       0       0       0       0
      Totals:         0       0       0       0       0       0       0       0       0       0       0       0       0       0
Total ram usage:        0 bytes
 Hardware stack levels used:    1
 This function calls:
		Nothing
 This function is called by:
		_INTERRUPT_InterruptManager
 This function uses a non-reentrant model


 *************** function _EUSART2_Transmit_ISR *****************
 Defined at:
		line 147 in file "mcc_generated_files/eusart2.c"
 Parameters:    Size  Location     Type
		None
 Auto vars:     Size  Location     Type
		None
 Return value:  Size  Location     Type
		None               void
 Registers used:
		wreg, fsr1l, fsr1h, status,2, status,0
 Tracked objects:
		On entry : 
		On exit  : 
		Unchanged: 
 Data sizes:     COMMON   BANK0   BANK1   BANK2   BANK3   BANK4   BANK5   BANK6   BANK7   BANK8   BANK9  BANK10  BANK11  BANK12
      Params:         0       0       0       0       0       0       0       0       0       0       0       0       0       0
      Locals:         0       0       0       0       0       0       0       0       0       0       0       0       0       0
      Temps:          1       0       0       0       0       0       0       0       0       0       0       0       0       0
      Totals:         1       0       0       0       0       0       0       0       0       0       0       0       0       0
Total ram usage:        1 bytes
 Hardware stack levels used:    1
 This function calls:
		Nothing
 This function is called by:
		_INTERRUPT_InterruptManager
 This function uses a non-reentrant model


 *************** function _EUSART2_Receive_ISR *****************
 Defined at:
		line 161 in file "mcc_generated_files/eusart2.c"
 Parameters:    Size  Location     Type
		None
 Auto vars:     Size  Location     Type
		None
 Return value:  Size  Location     Type
		None               void
 Registers used:
		wreg, fsr1l, fsr1h, status,2, status,0
 Tracked objects:
		On entry : 
		On exit  : 
		Unchanged: 
 Data sizes:     COMMON   BANK0   BANK1   BANK2   BANK3   BANK4   BANK5   BANK6   BANK7   BANK8   BANK9  BANK10  BANK11  BANK12
      Params:         0       0       0       0       0       0       0       0       0       0       0       0       0       0
      Locals:         0       0       0       0       0       0       0       0       0       0       0       0       0       0
      Temps:          1       0       0       0       0       0       0       0       0       0       0       0       0       0
      Totals:         1       0       0       0       0       0       0       0       0       0       0       0       0       0
Total ram usage:        1 bytes
 Hardware stack levels used:    1
 This function calls:
		Nothing
 This function is called by:
		_INTERRUPT_InterruptManager
 This function uses a non-reentrant model


 *************** function _EUSART1_Transmit_ISR *****************
 Defined at:
		line 147 in file "mcc_generated_files/eusart1.c"
 Parameters:    Size  Location     Type
		None
 Auto vars:     Size  Location     Type
		None
 Return value:  Size  Location     Type
		None               void
 Registers used:
		wreg, fsr1l, fsr1h, status,2, status,0
 Tracked objects:
		On entry : 
		On exit  : 
		Unchanged: 
 Data sizes:     COMMON   BANK0   BANK1   BANK2   BANK3   BANK4   BANK5   BANK6   BANK7   BANK8   BANK9  BANK10  BANK11  BANK12
      Params:         0       0       0       0       0       0       0       0       0       0       0       0       0       0
      Locals:         0       0       0       0       0       0       0       0       0       0       0       0       0       0
      Temps:          1       0       0       0       0       0       0       0       0       0       0       0       0       0
      Totals:         1       0       0       0       0       0       0       0       0       0       0       0       0       0
Total ram usage:        1 bytes
 Hardware stack levels used:    1
 This function calls:
		Nothing
 This function is called by:
		_INTERRUPT_InterruptManager
 This function uses a non-reentrant model


 *************** function _EUSART1_Receive_ISR *****************
 Defined at:
		line 161 in file "mcc_generated_files/eusart1.c"
 Parameters:    Size  Location     Type
		None
 Auto vars:     Size  Location     Type
		None
 Return value:  Size  Location     Type
		None               void
 Registers used:
		wreg, fsr1l, fsr1h, status,2, status,0
 Tracked objects:
		On entry : 
		On exit  : 
		Unchanged: 
 Data sizes:     COMMON   BANK0   BANK1   BANK2   BANK3   BANK4   BANK5   BANK6   BANK7   BANK8   BANK9  BANK10  BANK11  BANK12
      Params:         0       0       0       0       0       0       0       0       0       0       0       0       0       0
      Locals:         0       0       0       0       0       0       0       0       0       0       0       0       0       0
      Temps:          1       0       0       0       0       0       0       0       0       0       0       0       0       0
      Totals:         1       0       0       0       0       0       0       0       0       0       0       0       0       0
Total ram usage:        1 bytes
 Hardware stack levels used:    1
 This function calls:
		Nothing
 This function is called by:
		_INTERRUPT_InterruptManager
 This function uses a non-reentrant model



MODULE INFORMATION

Module		Function		Class		Link	Load	Size
mcc_generated_files/eusart2.c
		_EUSART2_Receive_ISR		CODE           	14DE	0000	28
		_EUSART2_Transmit_ISR		CODE           	1531	0000	30
		_EUSART2_Initialize		CODE           	14A9	0000	27

mcc_generated_files/eusart2.c estimated size: 85

mcc_generated_files/interrupt_manager.c
		_INTERRUPT_InterruptManager		CODE           	0004	0000	57

mcc_generated_files/interrupt_manager.c estimated size: 57

/opt/microchip/xc8/v1.35/sources/common/Umul16.c
		___wmul        		CODE           	14F9	0000	28

/opt/microchip/xc8/v1.35/sources/common/Umul16.c estimated size: 28

mcc_generated_files/pin_manager.c
		_PIN_MANAGER_Initialize		CODE           	0870	0000	58
		_PIN_MANAGER_IOC		CODE           	1465	0000	8

mcc_generated_files/pin_manager.c estimated size: 66

shared
		main@charstodisplay		STRCODE        	0862	0000	11
		_font_basic    		STRCODE        	0062	0000	2049
		init_font_LED_data@mask		STRCODE        	086C	0000	2
		__initialization		CODE           	003E	0000	33

shared estimated size: 2095

mcc_generated_files/eusart1.c
		_EUSART1_Initialize		CODE           	148F	0000	27
		_EUSART1_Receive_ISR		CODE           	14C3	0000	28
		_EUSART1_Transmit_ISR		CODE           	1514	0000	30

mcc_generated_files/eusart1.c estimated size: 85

mcc_generated_files/mcc.c
		_OSCILLATOR_Initialize		CODE           	145F	0000	7
		_SYSTEM_Initialize		CODE           	1477	0000	13

mcc_generated_files/mcc.c estimated size: 20

/opt/microchip/xc8/v1.35/sources/common/lwdiv.c
		___lwdiv       		CODE           	1575	0000	54

/opt/microchip/xc8/v1.35/sources/common/lwdiv.c estimated size: 54

main.c
		_init_font_LED_data		CODE           	15AA	0000	599
		_main          		CODE           	08A9	0000	198
		_all_off       		CODE           	154E	0000	40
		_usec_delay    		CODE           	146C	0000	12
		_Display_LED_data		CODE           	096E	0000	1683

main.c estimated size: 2532

